five five five, one two three four
one nine two dot one six eight dot one dot one, port eight zero eight zero
call nine one one
March fifteenth, twenty twenty-four
three dollars and fifty cents
minus five
three thirty PM
fourteen forty-five
ten squared
room one oh one A
twelve percent
five kilograms
et cetera versus for example
