У меня сто двадцать три книги.
позвонить один один два
сто девяносто два точка сто шестьдесят восемь точка один точка один
пятнадцатое марта две тысячи двадцать четвертого года
пятнадцать долларов
минус два
десять в квадрате
семь килограммов
двенадцать процентов
и так далее против например
