INSTRUMENTATION_STATUS: class=com.lits.tts.sdk.internal.StockCodeDeviceTest
INSTRUMENTATION_STATUS: current=1
INSTRUMENTATION_STATUS: id=AndroidJUnitRunner
INSTRUMENTATION_STATUS: numtests=1
INSTRUMENTATION_STATUS: stream=
com.lits.tts.sdk.internal.StockCodeDeviceTest:
INSTRUMENTATION_STATUS: test=stockCodeDigitsSurviveNativeTnAndFrontend
INSTRUMENTATION_STATUS_CODE: 1
INSTRUMENTATION_STATUS: class=com.lits.tts.sdk.internal.StockCodeDeviceTest
INSTRUMENTATION_STATUS: current=1
INSTRUMENTATION_STATUS: id=AndroidJUnitRunner
INSTRUMENTATION_STATUS: numtests=1
INSTRUMENTATION_STATUS: stack=prepared: 数值600519: array lengths differed, expected.length=41 actual.length=31; arrays first differed at element [6]; expected:<3> but was:<11>
	at org.junit.internal.ComparisonCriteria.arrayEquals(ComparisonCriteria.java:78)
	at org.junit.internal.ComparisonCriteria.arrayEquals(ComparisonCriteria.java:28)
	at org.junit.Assert.internalArrayEquals(Assert.java:534)
	at org.junit.Assert.assertArrayEquals(Assert.java:443)
	at com.lits.tts.sdk.internal.StockCodeDeviceTest.stockCodeDigitsSurviveNativeTnAndFrontend(StockCodeDeviceTest.kt:44)
	... 31 trimmed
Caused by: java.lang.AssertionError: expected:<3> but was:<11>
	at org.junit.Assert.fail(Assert.java:89)
	at org.junit.Assert.failNotEquals(Assert.java:835)
	at org.junit.Assert.assertEquals(Assert.java:120)
	at org.junit.Assert.assertEquals(Assert.java:146)
	at org.junit.internal.ExactComparisonCriteria.assertElementsEqual(ExactComparisonCriteria.java:8)
	at org.junit.internal.ComparisonCriteria.arrayEquals(ComparisonCriteria.java:76)
	... 36 more

INSTRUMENTATION_STATUS: stream=
Error in stockCodeDigitsSurviveNativeTnAndFrontend(com.lits.tts.sdk.internal.StockCodeDeviceTest):
prepared: 数值600519: array lengths differed, expected.length=41 actual.length=31; arrays first differed at element [6]; expected:<3> but was:<11>
	at org.junit.internal.ComparisonCriteria.arrayEquals(ComparisonCriteria.java:78)
	at org.junit.internal.ComparisonCriteria.arrayEquals(ComparisonCriteria.java:28)
	at org.junit.Assert.internalArrayEquals(Assert.java:534)
	at org.junit.Assert.assertArrayEquals(Assert.java:443)
	at com.lits.tts.sdk.internal.StockCodeDeviceTest.stockCodeDigitsSurviveNativeTnAndFrontend(StockCodeDeviceTest.kt:44)
	... 31 trimmed
Caused by: java.lang.AssertionError: expected:<3> but was:<11>
	at org.junit.Assert.fail(Assert.java:89)
	at org.junit.Assert.failNotEquals(Assert.java:835)
	at org.junit.Assert.assertEquals(Assert.java:120)
	at org.junit.Assert.assertEquals(Assert.java:146)
	at org.junit.internal.ExactComparisonCriteria.assertElementsEqual(ExactComparisonCriteria.java:8)
	at org.junit.internal.ComparisonCriteria.arrayEquals(ComparisonCriteria.java:76)
	... 36 more

INSTRUMENTATION_STATUS: test=stockCodeDigitsSurviveNativeTnAndFrontend
INSTRUMENTATION_STATUS_CODE: -2
INSTRUMENTATION_RESULT: stream=

Time: 2.107
There was 1 failure:
1) stockCodeDigitsSurviveNativeTnAndFrontend(com.lits.tts.sdk.internal.StockCodeDeviceTest)
prepared: 数值600519: array lengths differed, expected.length=41 actual.length=31; arrays first differed at element [6]; expected:<3> but was:<11>
	at org.junit.internal.ComparisonCriteria.arrayEquals(ComparisonCriteria.java:78)
	at org.junit.internal.ComparisonCriteria.arrayEquals(ComparisonCriteria.java:28)
	at org.junit.Assert.internalArrayEquals(Assert.java:534)
	at org.junit.Assert.assertArrayEquals(Assert.java:443)
	at com.lits.tts.sdk.internal.StockCodeDeviceTest.stockCodeDigitsSurviveNativeTnAndFrontend(StockCodeDeviceTest.kt:44)
	... 31 trimmed
Caused by: java.lang.AssertionError: expected:<3> but was:<11>
	at org.junit.Assert.fail(Assert.java:89)
	at org.junit.Assert.failNotEquals(Assert.java:835)
	at org.junit.Assert.assertEquals(Assert.java:120)
	at org.junit.Assert.assertEquals(Assert.java:146)
	at org.junit.internal.ExactComparisonCriteria.assertElementsEqual(ExactComparisonCriteria.java:8)
	at org.junit.internal.ComparisonCriteria.arrayEquals(ComparisonCriteria.java:76)
	... 36 more

FAILURES!!!
Tests run: 1,  Failures: 1


INSTRUMENTATION_CODE: -1
