INSTRUMENTATION_STATUS: class=com.lits.tts.sdk.internal.StockCodeDeviceTest
INSTRUMENTATION_STATUS: current=1
INSTRUMENTATION_STATUS: id=AndroidJUnitRunner
INSTRUMENTATION_STATUS: numtests=1
INSTRUMENTATION_STATUS: stream=
com.lits.tts.sdk.internal.StockCodeDeviceTest:
INSTRUMENTATION_STATUS: test=stockCodeDigitsSurviveNativeTnAndFrontend
INSTRUMENTATION_STATUS_CODE: 1
INSTRUMENTATION_STATUS: class=com.lits.tts.sdk.internal.StockCodeDeviceTest
INSTRUMENTATION_STATUS: current=1
INSTRUMENTATION_STATUS: id=AndroidJUnitRunner
INSTRUMENTATION_STATUS: numtests=1
INSTRUMENTATION_STATUS: stack=java.lang.IllegalArgumentException: Pass -e workPath pointing to the external TTS model package
	at com.lits.tts.sdk.internal.StockCodeDeviceTest.stockCodeDigitsSurviveNativeTnAndFrontend(StockCodeDeviceTest.kt:18)

INSTRUMENTATION_STATUS: stream=
Error in stockCodeDigitsSurviveNativeTnAndFrontend(com.lits.tts.sdk.internal.StockCodeDeviceTest):
java.lang.IllegalArgumentException: Pass -e workPath pointing to the external TTS model package
	at com.lits.tts.sdk.internal.StockCodeDeviceTest.stockCodeDigitsSurviveNativeTnAndFrontend(StockCodeDeviceTest.kt:18)

INSTRUMENTATION_STATUS: test=stockCodeDigitsSurviveNativeTnAndFrontend
INSTRUMENTATION_STATUS_CODE: -2
INSTRUMENTATION_RESULT: stream=

Time: 0.006
There was 1 failure:
1) stockCodeDigitsSurviveNativeTnAndFrontend(com.lits.tts.sdk.internal.StockCodeDeviceTest)
java.lang.IllegalArgumentException: Pass -e workPath pointing to the external TTS model package
	at com.lits.tts.sdk.internal.StockCodeDeviceTest.stockCodeDigitsSurviveNativeTnAndFrontend(StockCodeDeviceTest.kt:18)

FAILURES!!!
Tests run: 1,  Failures: 1


INSTRUMENTATION_CODE: -1
