To honour the JVM settings for this build a single-use Daemon process will be forked. For more on this, please refer to https://docs.gradle.org/8.6/userguide/gradle_daemon.html#sec:disabling_the_daemon in the Gradle documentation.
Daemon will be stopped at the end of the build 
> Task :sample-dingqiao-demo:preBuild UP-TO-DATE
> Task :sample-dingqiao-demo:preDebugBuild UP-TO-DATE
> Task :sample-dingqiao-demo:mergeDebugNativeDebugMetadata NO-SOURCE
> Task :sample-dingqiao-demo:checkKotlinGradlePluginConfigurationErrors
> Task :sample-dingqiao-demo:checkDebugAarMetadata UP-TO-DATE
> Task :sample-dingqiao-demo:generateDebugResValues UP-TO-DATE
> Task :sample-dingqiao-demo:mapDebugSourceSetPaths UP-TO-DATE
> Task :sample-dingqiao-demo:generateDebugResources UP-TO-DATE
> Task :sample-dingqiao-demo:mergeDebugResources UP-TO-DATE
> Task :sample-dingqiao-demo:packageDebugResources UP-TO-DATE
> Task :sample-dingqiao-demo:parseDebugLocalResources UP-TO-DATE
> Task :sample-dingqiao-demo:createDebugCompatibleScreenManifests UP-TO-DATE
> Task :sample-dingqiao-demo:extractDeepLinksDebug UP-TO-DATE
> Task :sample-dingqiao-demo:processDebugMainManifest UP-TO-DATE
> Task :sample-dingqiao-demo:processDebugManifest UP-TO-DATE
> Task :sample-dingqiao-demo:processDebugManifestForPackage UP-TO-DATE
> Task :sample-dingqiao-demo:processDebugResources UP-TO-DATE
> Task :sample-dingqiao-demo:compileDebugKotlin UP-TO-DATE
> Task :sample-dingqiao-demo:javaPreCompileDebug UP-TO-DATE
> Task :sample-dingqiao-demo:compileDebugJavaWithJavac NO-SOURCE
> Task :sample-dingqiao-demo:mergeDebugShaders UP-TO-DATE
> Task :sample-dingqiao-demo:compileDebugShaders NO-SOURCE
> Task :sample-dingqiao-demo:generateDebugAssets UP-TO-DATE
> Task :sample-dingqiao-demo:mergeDebugAssets UP-TO-DATE
> Task :sample-dingqiao-demo:compressDebugAssets UP-TO-DATE
> Task :sample-dingqiao-demo:desugarDebugFileDependencies UP-TO-DATE
> Task :sample-dingqiao-demo:dexBuilderDebug UP-TO-DATE
> Task :sample-dingqiao-demo:mergeDebugGlobalSynthetics UP-TO-DATE
> Task :sample-dingqiao-demo:processDebugJavaRes UP-TO-DATE
> Task :sample-dingqiao-demo:mergeDebugJavaResource UP-TO-DATE
> Task :sample-dingqiao-demo:checkDebugDuplicateClasses UP-TO-DATE
> Task :sample-dingqiao-demo:mergeDebugStartupProfile UP-TO-DATE
> Task :sample-dingqiao-demo:mergeExtDexDebug UP-TO-DATE
> Task :sample-dingqiao-demo:mergeLibDexDebug UP-TO-DATE
> Task :sample-dingqiao-demo:mergeProjectDexDebug UP-TO-DATE
> Task :sample-dingqiao-demo:mergeDebugJniLibFolders UP-TO-DATE
> Task :sample-dingqiao-demo:mergeDebugNativeLibs UP-TO-DATE
> Task :sample-dingqiao-demo:stripDebugDebugSymbols UP-TO-DATE
> Task :sample-dingqiao-demo:validateSigningDebug UP-TO-DATE
> Task :sample-dingqiao-demo:writeDebugAppMetadata UP-TO-DATE
> Task :sample-dingqiao-demo:writeDebugSigningConfigVersions UP-TO-DATE
> Task :sample-dingqiao-demo:packageDebug UP-TO-DATE
> Task :sample-dingqiao-demo:createDebugApkListingFileRedirect UP-TO-DATE
> Task :sample-dingqiao-demo:assembleDebug UP-TO-DATE
> Task :sample-dingqiao-demo:bundleDebugClassesToCompileJar UP-TO-DATE
> Task :sample-dingqiao-demo:preDebugAndroidTestBuild SKIPPED
> Task :sample-dingqiao-demo:checkDebugAndroidTestAarMetadata UP-TO-DATE
> Task :sample-dingqiao-demo:generateDebugAndroidTestResValues UP-TO-DATE
> Task :sample-dingqiao-demo:mapDebugAndroidTestSourceSetPaths UP-TO-DATE
> Task :sample-dingqiao-demo:generateDebugAndroidTestResources UP-TO-DATE
> Task :sample-dingqiao-demo:mergeDebugAndroidTestResources UP-TO-DATE
> Task :sample-dingqiao-demo:processDebugAndroidTestManifest UP-TO-DATE
> Task :sample-dingqiao-demo:processDebugAndroidTestResources UP-TO-DATE
> Task :sample-dingqiao-demo:javaPreCompileDebugAndroidTest UP-TO-DATE
> Task :sample-dingqiao-demo:mergeDebugAndroidTestShaders UP-TO-DATE
> Task :sample-dingqiao-demo:compileDebugAndroidTestShaders NO-SOURCE
> Task :sample-dingqiao-demo:generateDebugAndroidTestAssets UP-TO-DATE
> Task :sample-dingqiao-demo:mergeDebugAndroidTestAssets UP-TO-DATE
> Task :sample-dingqiao-demo:compressDebugAndroidTestAssets UP-TO-DATE
> Task :sample-dingqiao-demo:desugarDebugAndroidTestFileDependencies UP-TO-DATE
> Task :sample-dingqiao-demo:checkDebugAndroidTestDuplicateClasses UP-TO-DATE
> Task :sample-dingqiao-demo:mergeExtDexDebugAndroidTest UP-TO-DATE
> Task :sample-dingqiao-demo:mergeLibDexDebugAndroidTest UP-TO-DATE
> Task :sample-dingqiao-demo:mergeDebugAndroidTestJniLibFolders UP-TO-DATE
> Task :sample-dingqiao-demo:mergeDebugAndroidTestNativeLibs NO-SOURCE
> Task :sample-dingqiao-demo:stripDebugAndroidTestDebugSymbols NO-SOURCE
> Task :sample-dingqiao-demo:validateSigningDebugAndroidTest UP-TO-DATE
> Task :sample-dingqiao-demo:writeDebugAndroidTestSigningConfigVersions UP-TO-DATE

> Task :sample-dingqiao-demo:compileDebugAndroidTestKotlin
w: file://<LOCAL_PATH> The corresponding parameter in the supertype 'CreateEngineCallback' is named 'engine'. This may cause problems when calling this function with named arguments.

> Task :sample-dingqiao-demo:compileDebugAndroidTestJavaWithJavac NO-SOURCE
> Task :sample-dingqiao-demo:dexBuilderDebugAndroidTest
> Task :sample-dingqiao-demo:mergeDebugAndroidTestGlobalSynthetics
> Task :sample-dingqiao-demo:processDebugAndroidTestJavaRes
> Task :sample-dingqiao-demo:mergeProjectDexDebugAndroidTest
> Task :sample-dingqiao-demo:mergeDebugAndroidTestJavaResource
> Task :sample-dingqiao-demo:packageDebugAndroidTest
> Task :sample-dingqiao-demo:createDebugAndroidTestApkListingFileRedirect
> Task :sample-dingqiao-demo:assembleDebugAndroidTest

BUILD SUCCESSFUL in 39s
64 actionable tasks: 9 executed, 55 up-to-date
