INSTRUMENTATION_STATUS: class=com.amphion.dingqiao.demo.DqSdkCornerCaseTest
INSTRUMENTATION_STATUS: current=1
INSTRUMENTATION_STATUS: id=AndroidJUnitRunner
INSTRUMENTATION_STATUS: numtests=5
INSTRUMENTATION_STATUS: stream=
com.amphion.dingqiao.demo.DqSdkCornerCaseTest:
INSTRUMENTATION_STATUS: test=a11a_vadEnd800_publishesEndBeforeAnotherNativeEndpoint
INSTRUMENTATION_STATUS_CODE: 1
INSTRUMENTATION_STATUS: class=com.amphion.dingqiao.demo.DqSdkCornerCaseTest
INSTRUMENTATION_STATUS: current=1
INSTRUMENTATION_STATUS: id=AndroidJUnitRunner
INSTRUMENTATION_STATUS: numtests=5
INSTRUMENTATION_STATUS: stream=.
INSTRUMENTATION_STATUS: test=a11a_vadEnd800_publishesEndBeforeAnotherNativeEndpoint
INSTRUMENTATION_STATUS_CODE: 0
INSTRUMENTATION_STATUS: class=com.amphion.dingqiao.demo.DqVoiceprintTest
INSTRUMENTATION_STATUS: current=2
INSTRUMENTATION_STATUS: id=AndroidJUnitRunner
INSTRUMENTATION_STATUS: numtests=5
INSTRUMENTATION_STATUS: stream=
com.amphion.dingqiao.demo.DqVoiceprintTest:
INSTRUMENTATION_STATUS: test=v02_register_tooLong_rejected
INSTRUMENTATION_STATUS_CODE: 1
INSTRUMENTATION_STATUS: class=com.amphion.dingqiao.demo.DqVoiceprintTest
INSTRUMENTATION_STATUS: current=2
INSTRUMENTATION_STATUS: id=AndroidJUnitRunner
INSTRUMENTATION_STATUS: numtests=5
INSTRUMENTATION_STATUS: stream=.
INSTRUMENTATION_STATUS: test=v02_register_tooLong_rejected
INSTRUMENTATION_STATUS_CODE: 0
INSTRUMENTATION_STATUS: class=com.amphion.dingqiao.demo.DqVoiceprintTest
INSTRUMENTATION_STATUS: current=3
INSTRUMENTATION_STATUS: id=AndroidJUnitRunner
INSTRUMENTATION_STATUS: numtests=5
INSTRUMENTATION_STATUS: stream=
INSTRUMENTATION_STATUS: test=v03_register_missingPath_rejected
INSTRUMENTATION_STATUS_CODE: 1
INSTRUMENTATION_STATUS: class=com.amphion.dingqiao.demo.DqVoiceprintTest
INSTRUMENTATION_STATUS: current=3
INSTRUMENTATION_STATUS: id=AndroidJUnitRunner
INSTRUMENTATION_STATUS: numtests=5
INSTRUMENTATION_STATUS: stream=.
INSTRUMENTATION_STATUS: test=v03_register_missingPath_rejected
INSTRUMENTATION_STATUS_CODE: 0
INSTRUMENTATION_STATUS: class=com.amphion.dingqiao.demo.DqVoiceprintTest
INSTRUMENTATION_STATUS: current=4
INSTRUMENTATION_STATUS: id=AndroidJUnitRunner
INSTRUMENTATION_STATUS: numtests=5
INSTRUMENTATION_STATUS: stream=
INSTRUMENTATION_STATUS: test=v04d_voiceprintIdsReserveVadBeginGrace_forOnStartSpeakerVad
INSTRUMENTATION_STATUS_CODE: 1
INSTRUMENTATION_STATUS: class=com.amphion.dingqiao.demo.DqVoiceprintTest
INSTRUMENTATION_STATUS: current=4
INSTRUMENTATION_STATUS: id=AndroidJUnitRunner
INSTRUMENTATION_STATUS: numtests=5
INSTRUMENTATION_STATUS: stack=java.lang.AssertionError: runtime Speaker VAD must not let vadBegin end real speech
	at org.junit.Assert.fail(Assert.java:89)
	at org.junit.Assert.assertTrue(Assert.java:42)
	at com.amphion.dingqiao.demo.DqVoiceprintTest.v04d_voiceprintIdsReserveVadBeginGrace_forOnStartSpeakerVad(DqVoiceprintTest.kt:257)

INSTRUMENTATION_STATUS: stream=
Error in v04d_voiceprintIdsReserveVadBeginGrace_forOnStartSpeakerVad(com.amphion.dingqiao.demo.DqVoiceprintTest):
java.lang.AssertionError: runtime Speaker VAD must not let vadBegin end real speech
	at org.junit.Assert.fail(Assert.java:89)
	at org.junit.Assert.assertTrue(Assert.java:42)
	at com.amphion.dingqiao.demo.DqVoiceprintTest.v04d_voiceprintIdsReserveVadBeginGrace_forOnStartSpeakerVad(DqVoiceprintTest.kt:257)

INSTRUMENTATION_STATUS: test=v04d_voiceprintIdsReserveVadBeginGrace_forOnStartSpeakerVad
INSTRUMENTATION_STATUS_CODE: -2
INSTRUMENTATION_STATUS: class=com.amphion.dingqiao.demo.DqVoiceprintTest
INSTRUMENTATION_STATUS: current=5
INSTRUMENTATION_STATUS: id=AndroidJUnitRunner
INSTRUMENTATION_STATUS: numtests=5
INSTRUMENTATION_STATUS: stream=
INSTRUMENTATION_STATUS: test=v06_speakerVad_overlapRuns
INSTRUMENTATION_STATUS_CODE: 1
INSTRUMENTATION_STATUS: class=com.amphion.dingqiao.demo.DqVoiceprintTest
INSTRUMENTATION_STATUS: current=5
INSTRUMENTATION_STATUS: id=AndroidJUnitRunner
INSTRUMENTATION_STATUS: numtests=5
INSTRUMENTATION_STATUS: stream=.
INSTRUMENTATION_STATUS: test=v06_speakerVad_overlapRuns
INSTRUMENTATION_STATUS_CODE: 0
INSTRUMENTATION_RESULT: stream=

Time: 51.109
There was 1 failure:
1) v04d_voiceprintIdsReserveVadBeginGrace_forOnStartSpeakerVad(com.amphion.dingqiao.demo.DqVoiceprintTest)
java.lang.AssertionError: runtime Speaker VAD must not let vadBegin end real speech
	at org.junit.Assert.fail(Assert.java:89)
	at org.junit.Assert.assertTrue(Assert.java:42)
	at com.amphion.dingqiao.demo.DqVoiceprintTest.v04d_voiceprintIdsReserveVadBeginGrace_forOnStartSpeakerVad(DqVoiceprintTest.kt:257)

FAILURES!!!
Tests run: 5,  Failures: 1


INSTRUMENTATION_CODE: -1
