INSTRUMENTATION_STATUS: class=com.amphion.dingqiao.demo.DqVoiceprintTest
INSTRUMENTATION_STATUS: current=1
INSTRUMENTATION_STATUS: id=AndroidJUnitRunner
INSTRUMENTATION_STATUS: numtests=2
INSTRUMENTATION_STATUS: stream=
com.amphion.dingqiao.demo.DqVoiceprintTest:
INSTRUMENTATION_STATUS: test=v04c_shortEffectiveSpeech_fallsBackToRealUtterancePcm
INSTRUMENTATION_STATUS_CODE: 1
INSTRUMENTATION_STATUS: class=com.amphion.dingqiao.demo.DqVoiceprintTest
INSTRUMENTATION_STATUS: current=1
INSTRUMENTATION_STATUS: id=AndroidJUnitRunner
INSTRUMENTATION_STATUS: numtests=2
INSTRUMENTATION_STATUS: stream=.
INSTRUMENTATION_STATUS: test=v04c_shortEffectiveSpeech_fallsBackToRealUtterancePcm
INSTRUMENTATION_STATUS_CODE: 0
INSTRUMENTATION_STATUS: class=com.amphion.dingqiao.demo.DingqiaoFinishFlushRegressionTest
INSTRUMENTATION_STATUS: current=2
INSTRUMENTATION_STATUS: id=AndroidJUnitRunner
INSTRUMENTATION_STATUS: numtests=2
INSTRUMENTATION_STATUS: stream=
com.amphion.dingqiao.demo.DingqiaoFinishFlushRegressionTest:
INSTRUMENTATION_STATUS: test=fastFeedFinishDoesNotDropQueuedFinals
INSTRUMENTATION_STATUS_CODE: 1
INSTRUMENTATION_STATUS: class=com.amphion.dingqiao.demo.DingqiaoFinishFlushRegressionTest
INSTRUMENTATION_STATUS: current=2
INSTRUMENTATION_STATUS: id=AndroidJUnitRunner
INSTRUMENTATION_STATUS: numtests=2
INSTRUMENTATION_STATUS: stream=.
INSTRUMENTATION_STATUS: test=fastFeedFinishDoesNotDropQueuedFinals
INSTRUMENTATION_STATUS_CODE: 0
INSTRUMENTATION_RESULT: stream=

Time: 131.679

OK (2 tests)


INSTRUMENTATION_CODE: -1
