INSTRUMENTATION_STATUS: class=com.amphion.dingqiao.demo.DqSdkCornerCaseTest
INSTRUMENTATION_STATUS: current=1
INSTRUMENTATION_STATUS: id=AndroidJUnitRunner
INSTRUMENTATION_STATUS: numtests=50
INSTRUMENTATION_STATUS: stream=
com.amphion.dingqiao.demo.DqSdkCornerCaseTest:
INSTRUMENTATION_STATUS: test=a01_tailFrame_abruptFinish_keepsTail
INSTRUMENTATION_STATUS_CODE: 1
INSTRUMENTATION_STATUS: class=com.amphion.dingqiao.demo.DqSdkCornerCaseTest
INSTRUMENTATION_STATUS: current=1
INSTRUMENTATION_STATUS: id=AndroidJUnitRunner
INSTRUMENTATION_STATUS: numtests=50
INSTRUMENTATION_STATUS: stream=.
INSTRUMENTATION_STATUS: test=a01_tailFrame_abruptFinish_keepsTail
INSTRUMENTATION_STATUS_CODE: 0
INSTRUMENTATION_STATUS: class=com.amphion.dingqiao.demo.DqSdkCornerCaseTest
INSTRUMENTATION_STATUS: current=2
INSTRUMENTATION_STATUS: id=AndroidJUnitRunner
INSTRUMENTATION_STATUS: numtests=50
INSTRUMENTATION_STATUS: stream=
INSTRUMENTATION_STATUS: test=a02_frameSize_nonStandardRejected
INSTRUMENTATION_STATUS_CODE: 1
INSTRUMENTATION_STATUS: class=com.amphion.dingqiao.demo.DqSdkCornerCaseTest
INSTRUMENTATION_STATUS: current=2
INSTRUMENTATION_STATUS: id=AndroidJUnitRunner
INSTRUMENTATION_STATUS: numtests=50
INSTRUMENTATION_STATUS: stream=.
INSTRUMENTATION_STATUS: test=a02_frameSize_nonStandardRejected
INSTRUMENTATION_STATUS_CODE: 0
INSTRUMENTATION_STATUS: class=com.amphion.dingqiao.demo.DqSdkCornerCaseTest
INSTRUMENTATION_STATUS: current=3
INSTRUMENTATION_STATUS: id=AndroidJUnitRunner
INSTRUMENTATION_STATUS: numtests=50
INSTRUMENTATION_STATUS: stream=
INSTRUMENTATION_STATUS: test=a03_writeBeforeStart_notListening
INSTRUMENTATION_STATUS_CODE: 1
INSTRUMENTATION_STATUS: class=com.amphion.dingqiao.demo.DqSdkCornerCaseTest
INSTRUMENTATION_STATUS: current=3
INSTRUMENTATION_STATUS: id=AndroidJUnitRunner
INSTRUMENTATION_STATUS: numtests=50
INSTRUMENTATION_STATUS: stream=.
INSTRUMENTATION_STATUS: test=a03_writeBeforeStart_notListening
INSTRUMENTATION_STATUS_CODE: 0
INSTRUMENTATION_STATUS: class=com.amphion.dingqiao.demo.DqSdkCornerCaseTest
INSTRUMENTATION_STATUS: current=4
INSTRUMENTATION_STATUS: id=AndroidJUnitRunner
INSTRUMENTATION_STATUS: numtests=50
INSTRUMENTATION_STATUS: stream=
INSTRUMENTATION_STATUS: test=a04_doubleStart_busy
INSTRUMENTATION_STATUS_CODE: 1
INSTRUMENTATION_STATUS: class=com.amphion.dingqiao.demo.DqSdkCornerCaseTest
INSTRUMENTATION_STATUS: current=4
INSTRUMENTATION_STATUS: id=AndroidJUnitRunner
INSTRUMENTATION_STATUS: numtests=50
INSTRUMENTATION_STATUS: stream=.
INSTRUMENTATION_STATUS: test=a04_doubleStart_busy
INSTRUMENTATION_STATUS_CODE: 0
INSTRUMENTATION_STATUS: class=com.amphion.dingqiao.demo.DqSdkCornerCaseTest
INSTRUMENTATION_STATUS: current=5
INSTRUMENTATION_STATUS: id=AndroidJUnitRunner
INSTRUMENTATION_STATUS: numtests=50
INSTRUMENTATION_STATUS: stream=
INSTRUMENTATION_STATUS: test=a05_finishWhenIdle_finishFailed
INSTRUMENTATION_STATUS_CODE: 1
INSTRUMENTATION_STATUS: class=com.amphion.dingqiao.demo.DqSdkCornerCaseTest
INSTRUMENTATION_STATUS: current=5
INSTRUMENTATION_STATUS: id=AndroidJUnitRunner
INSTRUMENTATION_STATUS: numtests=50
INSTRUMENTATION_STATUS: stream=.
INSTRUMENTATION_STATUS: test=a05_finishWhenIdle_finishFailed
INSTRUMENTATION_STATUS_CODE: 0
INSTRUMENTATION_STATUS: class=com.amphion.dingqiao.demo.DqSdkCornerCaseTest
INSTRUMENTATION_STATUS: current=6
INSTRUMENTATION_STATUS: id=AndroidJUnitRunner
INSTRUMENTATION_STATUS: numtests=50
INSTRUMENTATION_STATUS: stream=
INSTRUMENTATION_STATUS: test=a06_cancel_noFinalNoComplete
INSTRUMENTATION_STATUS_CODE: 1
INSTRUMENTATION_STATUS: class=com.amphion.dingqiao.demo.DqSdkCornerCaseTest
INSTRUMENTATION_STATUS: current=6
INSTRUMENTATION_STATUS: id=AndroidJUnitRunner
INSTRUMENTATION_STATUS: numtests=50
INSTRUMENTATION_STATUS: stream=.
INSTRUMENTATION_STATUS: test=a06_cancel_noFinalNoComplete
INSTRUMENTATION_STATUS_CODE: 0
INSTRUMENTATION_STATUS: class=com.amphion.dingqiao.demo.DqSdkCornerCaseTest
INSTRUMENTATION_STATUS: current=7
INSTRUMENTATION_STATUS: id=AndroidJUnitRunner
INSTRUMENTATION_STATUS: numtests=50
INSTRUMENTATION_STATUS: stream=
INSTRUMENTATION_STATUS: test=a07_invalidSessionId_rejected
INSTRUMENTATION_STATUS_CODE: 1
INSTRUMENTATION_STATUS: class=com.amphion.dingqiao.demo.DqSdkCornerCaseTest
INSTRUMENTATION_STATUS: current=7
INSTRUMENTATION_STATUS: id=AndroidJUnitRunner
INSTRUMENTATION_STATUS: numtests=50
INSTRUMENTATION_STATUS: stream=.
INSTRUMENTATION_STATUS: test=a07_invalidSessionId_rejected
INSTRUMENTATION_STATUS_CODE: 0
INSTRUMENTATION_STATUS: class=com.amphion.dingqiao.demo.DqSdkCornerCaseTest
INSTRUMENTATION_STATUS: current=8
INSTRUMENTATION_STATUS: id=AndroidJUnitRunner
INSTRUMENTATION_STATUS: numtests=50
INSTRUMENTATION_STATUS: stream=
INSTRUMENTATION_STATUS: test=a08_writeWrongSessionId_mismatch
INSTRUMENTATION_STATUS_CODE: 1
INSTRUMENTATION_STATUS: class=com.amphion.dingqiao.demo.DqSdkCornerCaseTest
INSTRUMENTATION_STATUS: current=8
INSTRUMENTATION_STATUS: id=AndroidJUnitRunner
INSTRUMENTATION_STATUS: numtests=50
INSTRUMENTATION_STATUS: stream=.
INSTRUMENTATION_STATUS: test=a08_writeWrongSessionId_mismatch
INSTRUMENTATION_STATUS_CODE: 0
INSTRUMENTATION_STATUS: class=com.amphion.dingqiao.demo.DqSdkCornerCaseTest
INSTRUMENTATION_STATUS: current=9
INSTRUMENTATION_STATUS: id=AndroidJUnitRunner
INSTRUMENTATION_STATUS: numtests=50
INSTRUMENTATION_STATUS: stream=
INSTRUMENTATION_STATUS: test=a09_maxAudioDuration_explicitShortLimitAutoFinishes
INSTRUMENTATION_STATUS_CODE: 1
INSTRUMENTATION_STATUS: class=com.amphion.dingqiao.demo.DqSdkCornerCaseTest
INSTRUMENTATION_STATUS: current=9
INSTRUMENTATION_STATUS: id=AndroidJUnitRunner
INSTRUMENTATION_STATUS: numtests=50
INSTRUMENTATION_STATUS: stream=.
INSTRUMENTATION_STATUS: test=a09_maxAudioDuration_explicitShortLimitAutoFinishes
INSTRUMENTATION_STATUS_CODE: 0
INSTRUMENTATION_STATUS: class=com.amphion.dingqiao.demo.DqSdkCornerCaseTest
INSTRUMENTATION_STATUS: current=10
INSTRUMENTATION_STATUS: id=AndroidJUnitRunner
INSTRUMENTATION_STATUS: numtests=50
INSTRUMENTATION_STATUS: stream=
INSTRUMENTATION_STATUS: test=a09b_maxAudioDuration_nonFiniteValuesStayDisabled
INSTRUMENTATION_STATUS_CODE: 1
INSTRUMENTATION_STATUS: class=com.amphion.dingqiao.demo.DqSdkCornerCaseTest
INSTRUMENTATION_STATUS: current=10
INSTRUMENTATION_STATUS: id=AndroidJUnitRunner
INSTRUMENTATION_STATUS: numtests=50
INSTRUMENTATION_STATUS: stream=.
INSTRUMENTATION_STATUS: test=a09b_maxAudioDuration_nonFiniteValuesStayDisabled
INSTRUMENTATION_STATUS_CODE: 0
INSTRUMENTATION_STATUS: class=com.amphion.dingqiao.demo.DqSdkCornerCaseTest
INSTRUMENTATION_STATUS: current=11
INSTRUMENTATION_STATUS: id=AndroidJUnitRunner
INSTRUMENTATION_STATUS: numtests=50
INSTRUMENTATION_STATUS: stream=
INSTRUMENTATION_STATUS: test=a10_maxAudioDuration_autoFinish
INSTRUMENTATION_STATUS_CODE: 1
INSTRUMENTATION_STATUS: class=com.amphion.dingqiao.demo.DqSdkCornerCaseTest
INSTRUMENTATION_STATUS: current=11
INSTRUMENTATION_STATUS: id=AndroidJUnitRunner
INSTRUMENTATION_STATUS: numtests=50
INSTRUMENTATION_STATUS: stream=.
INSTRUMENTATION_STATUS: test=a10_maxAudioDuration_autoFinish
INSTRUMENTATION_STATUS_CODE: 0
INSTRUMENTATION_STATUS: class=com.amphion.dingqiao.demo.DqSdkCornerCaseTest
INSTRUMENTATION_STATUS: current=12
INSTRUMENTATION_STATUS: id=AndroidJUnitRunner
INSTRUMENTATION_STATUS: numtests=50
INSTRUMENTATION_STATUS: stream=
INSTRUMENTATION_STATUS: test=a10b_autoFinishWindow_ignoresLateFrames
INSTRUMENTATION_STATUS_CODE: 1
INSTRUMENTATION_STATUS: class=com.amphion.dingqiao.demo.DqSdkCornerCaseTest
INSTRUMENTATION_STATUS: current=12
INSTRUMENTATION_STATUS: id=AndroidJUnitRunner
INSTRUMENTATION_STATUS: numtests=50
INSTRUMENTATION_STATUS: stream=.
INSTRUMENTATION_STATUS: test=a10b_autoFinishWindow_ignoresLateFrames
INSTRUMENTATION_STATUS_CODE: 0
INSTRUMENTATION_STATUS: class=com.amphion.dingqiao.demo.DqSdkCornerCaseTest
INSTRUMENTATION_STATUS: current=13
INSTRUMENTATION_STATUS: id=AndroidJUnitRunner
INSTRUMENTATION_STATUS: numtests=50
INSTRUMENTATION_STATUS: stream=
INSTRUMENTATION_STATUS: test=a10c_finishIdempotent_singleComplete
INSTRUMENTATION_STATUS_CODE: 1
INSTRUMENTATION_STATUS: class=com.amphion.dingqiao.demo.DqSdkCornerCaseTest
INSTRUMENTATION_STATUS: current=13
INSTRUMENTATION_STATUS: id=AndroidJUnitRunner
INSTRUMENTATION_STATUS: numtests=50
INSTRUMENTATION_STATUS: stream=.
INSTRUMENTATION_STATUS: test=a10c_finishIdempotent_singleComplete
INSTRUMENTATION_STATUS_CODE: 0
INSTRUMENTATION_STATUS: class=com.amphion.dingqiao.demo.DqSdkCornerCaseTest
INSTRUMENTATION_STATUS: current=14
INSTRUMENTATION_STATUS: id=AndroidJUnitRunner
INSTRUMENTATION_STATUS: numtests=50
INSTRUMENTATION_STATUS: stream=
INSTRUMENTATION_STATUS: test=a10d_terminalCallback_reentrantReplacementOwnsCompletion
INSTRUMENTATION_STATUS_CODE: 1
INSTRUMENTATION_STATUS: class=com.amphion.dingqiao.demo.DqSdkCornerCaseTest
INSTRUMENTATION_STATUS: current=14
INSTRUMENTATION_STATUS: id=AndroidJUnitRunner
INSTRUMENTATION_STATUS: numtests=50
INSTRUMENTATION_STATUS: stream=.
INSTRUMENTATION_STATUS: test=a10d_terminalCallback_reentrantReplacementOwnsCompletion
INSTRUMENTATION_STATUS_CODE: 0
INSTRUMENTATION_STATUS: class=com.amphion.dingqiao.demo.DqSdkCornerCaseTest
INSTRUMENTATION_STATUS: current=15
INSTRUMENTATION_STATUS: id=AndroidJUnitRunner
INSTRUMENTATION_STATUS: numtests=50
INSTRUMENTATION_STATUS: stream=
INSTRUMENTATION_STATUS: test=a10e_onStartSynchronousWrite_thenContinue
INSTRUMENTATION_STATUS_CODE: 1
INSTRUMENTATION_STATUS: class=com.amphion.dingqiao.demo.DqSdkCornerCaseTest
INSTRUMENTATION_STATUS: current=15
INSTRUMENTATION_STATUS: id=AndroidJUnitRunner
INSTRUMENTATION_STATUS: numtests=50
INSTRUMENTATION_STATUS: stream=.
INSTRUMENTATION_STATUS: test=a10e_onStartSynchronousWrite_thenContinue
INSTRUMENTATION_STATUS_CODE: 0
INSTRUMENTATION_STATUS: class=com.amphion.dingqiao.demo.DqSdkCornerCaseTest
INSTRUMENTATION_STATUS: current=16
INSTRUMENTATION_STATUS: id=AndroidJUnitRunner
INSTRUMENTATION_STATUS: numtests=50
INSTRUMENTATION_STATUS: stream=
INSTRUMENTATION_STATUS: test=a10f_onStartSynchronousWrite_thenImmediateFinish
INSTRUMENTATION_STATUS_CODE: 1
INSTRUMENTATION_STATUS: class=com.amphion.dingqiao.demo.DqSdkCornerCaseTest
INSTRUMENTATION_STATUS: current=16
INSTRUMENTATION_STATUS: id=AndroidJUnitRunner
INSTRUMENTATION_STATUS: numtests=50
INSTRUMENTATION_STATUS: stream=.
INSTRUMENTATION_STATUS: test=a10f_onStartSynchronousWrite_thenImmediateFinish
INSTRUMENTATION_STATUS_CODE: 0
INSTRUMENTATION_STATUS: class=com.amphion.dingqiao.demo.DqSdkCornerCaseTest
INSTRUMENTATION_STATUS: current=17
INSTRUMENTATION_STATUS: id=AndroidJUnitRunner
INSTRUMENTATION_STATUS: numtests=50
INSTRUMENTATION_STATUS: stream=
INSTRUMENTATION_STATUS: test=a10g_onStartSynchronousWrite_afterEngineReload
INSTRUMENTATION_STATUS_CODE: 1
INSTRUMENTATION_STATUS: class=com.amphion.dingqiao.demo.DqSdkCornerCaseTest
INSTRUMENTATION_STATUS: current=17
INSTRUMENTATION_STATUS: id=AndroidJUnitRunner
INSTRUMENTATION_STATUS: numtests=50
INSTRUMENTATION_STATUS: stream=.
INSTRUMENTATION_STATUS: test=a10g_onStartSynchronousWrite_afterEngineReload
INSTRUMENTATION_STATUS_CODE: 0
INSTRUMENTATION_STATUS: class=com.amphion.dingqiao.demo.DqSdkCornerCaseTest
INSTRUMENTATION_STATUS: current=18
INSTRUMENTATION_STATUS: id=AndroidJUnitRunner
INSTRUMENTATION_STATUS: numtests=50
INSTRUMENTATION_STATUS: stream=
INSTRUMENTATION_STATUS: test=a10ga_onStartCancel_sameIdReplacementOwnsCallbacks
INSTRUMENTATION_STATUS_CODE: 1
INSTRUMENTATION_STATUS: class=com.amphion.dingqiao.demo.DqSdkCornerCaseTest
INSTRUMENTATION_STATUS: current=18
INSTRUMENTATION_STATUS: id=AndroidJUnitRunner
INSTRUMENTATION_STATUS: numtests=50
INSTRUMENTATION_STATUS: stream=.
INSTRUMENTATION_STATUS: test=a10ga_onStartCancel_sameIdReplacementOwnsCallbacks
INSTRUMENTATION_STATUS_CODE: 0
INSTRUMENTATION_STATUS: class=com.amphion.dingqiao.demo.DqSdkCornerCaseTest
INSTRUMENTATION_STATUS: current=19
INSTRUMENTATION_STATUS: id=AndroidJUnitRunner
INSTRUMENTATION_STATUS: numtests=50
INSTRUMENTATION_STATUS: stream=
INSTRUMENTATION_STATUS: test=a10gb_onStartCanWaitForOtherThreadWriteAudio
INSTRUMENTATION_STATUS_CODE: 1
INSTRUMENTATION_STATUS: class=com.amphion.dingqiao.demo.DqSdkCornerCaseTest
INSTRUMENTATION_STATUS: current=19
INSTRUMENTATION_STATUS: id=AndroidJUnitRunner
INSTRUMENTATION_STATUS: numtests=50
INSTRUMENTATION_STATUS: stream=.
INSTRUMENTATION_STATUS: test=a10gb_onStartCanWaitForOtherThreadWriteAudio
INSTRUMENTATION_STATUS_CODE: 0
INSTRUMENTATION_STATUS: class=com.amphion.dingqiao.demo.DqSdkCornerCaseTest
INSTRUMENTATION_STATUS: current=20
INSTRUMENTATION_STATUS: id=AndroidJUnitRunner
INSTRUMENTATION_STATUS: numtests=50
INSTRUMENTATION_STATUS: stream=
INSTRUMENTATION_STATUS: test=a10h_lateOldWrite_doesNotAffectReplacement
INSTRUMENTATION_STATUS_CODE: 1
INSTRUMENTATION_STATUS: class=com.amphion.dingqiao.demo.DqSdkCornerCaseTest
INSTRUMENTATION_STATUS: current=20
INSTRUMENTATION_STATUS: id=AndroidJUnitRunner
INSTRUMENTATION_STATUS: numtests=50
INSTRUMENTATION_STATUS: stream=.
INSTRUMENTATION_STATUS: test=a10h_lateOldWrite_doesNotAffectReplacement
INSTRUMENTATION_STATUS_CODE: 0
INSTRUMENTATION_STATUS: class=com.amphion.dingqiao.demo.DqSdkCornerCaseTest
INSTRUMENTATION_STATUS: current=21
INSTRUMENTATION_STATUS: id=AndroidJUnitRunner
INSTRUMENTATION_STATUS: numtests=50
INSTRUMENTATION_STATUS: stream=
INSTRUMENTATION_STATUS: test=a10i_lateOldFinish_doesNotAffectReplacement
INSTRUMENTATION_STATUS_CODE: 1
INSTRUMENTATION_STATUS: class=com.amphion.dingqiao.demo.DqSdkCornerCaseTest
INSTRUMENTATION_STATUS: current=21
INSTRUMENTATION_STATUS: id=AndroidJUnitRunner
INSTRUMENTATION_STATUS: numtests=50
INSTRUMENTATION_STATUS: stream=.
INSTRUMENTATION_STATUS: test=a10i_lateOldFinish_doesNotAffectReplacement
INSTRUMENTATION_STATUS_CODE: 0
INSTRUMENTATION_STATUS: class=com.amphion.dingqiao.demo.DqSdkCornerCaseTest
INSTRUMENTATION_STATUS: current=22
INSTRUMENTATION_STATUS: id=AndroidJUnitRunner
INSTRUMENTATION_STATUS: numtests=50
INSTRUMENTATION_STATUS: stream=
INSTRUMENTATION_STATUS: test=a10j_lateOldCancel_doesNotAffectReplacement
INSTRUMENTATION_STATUS_CODE: 1
INSTRUMENTATION_STATUS: class=com.amphion.dingqiao.demo.DqSdkCornerCaseTest
INSTRUMENTATION_STATUS: current=22
INSTRUMENTATION_STATUS: id=AndroidJUnitRunner
INSTRUMENTATION_STATUS: numtests=50
INSTRUMENTATION_STATUS: stream=.
INSTRUMENTATION_STATUS: test=a10j_lateOldCancel_doesNotAffectReplacement
INSTRUMENTATION_STATUS_CODE: 0
INSTRUMENTATION_STATUS: class=com.amphion.dingqiao.demo.DqSdkCornerCaseTest
INSTRUMENTATION_STATUS: current=23
INSTRUMENTATION_STATUS: id=AndroidJUnitRunner
INSTRUMENTATION_STATUS: numtests=50
INSTRUMENTATION_STATUS: stream=
INSTRUMENTATION_STATUS: test=a11_unsupportedLanguage_createFails
INSTRUMENTATION_STATUS_CODE: 1
INSTRUMENTATION_STATUS: class=com.amphion.dingqiao.demo.DqSdkCornerCaseTest
INSTRUMENTATION_STATUS: current=23
INSTRUMENTATION_STATUS: id=AndroidJUnitRunner
INSTRUMENTATION_STATUS: numtests=50
INSTRUMENTATION_STATUS: stream=.
INSTRUMENTATION_STATUS: test=a11_unsupportedLanguage_createFails
INSTRUMENTATION_STATUS_CODE: 0
INSTRUMENTATION_STATUS: class=com.amphion.dingqiao.demo.DqSdkCornerCaseTest
INSTRUMENTATION_STATUS: current=24
INSTRUMENTATION_STATUS: id=AndroidJUnitRunner
INSTRUMENTATION_STATUS: numtests=50
INSTRUMENTATION_STATUS: stream=
INSTRUMENTATION_STATUS: test=a11_vadBegin_initialSilenceAutoFinish
INSTRUMENTATION_STATUS_CODE: 1
INSTRUMENTATION_STATUS: class=com.amphion.dingqiao.demo.DqSdkCornerCaseTest
INSTRUMENTATION_STATUS: current=24
INSTRUMENTATION_STATUS: id=AndroidJUnitRunner
INSTRUMENTATION_STATUS: numtests=50
INSTRUMENTATION_STATUS: stream=.
INSTRUMENTATION_STATUS: test=a11_vadBegin_initialSilenceAutoFinish
INSTRUMENTATION_STATUS_CODE: 0
INSTRUMENTATION_STATUS: class=com.amphion.dingqiao.demo.DqSdkCornerCaseTest
INSTRUMENTATION_STATUS: current=25
INSTRUMENTATION_STATUS: id=AndroidJUnitRunner
INSTRUMENTATION_STATUS: numtests=50
INSTRUMENTATION_STATUS: stream=
INSTRUMENTATION_STATUS: test=a11a_vadEnd800_publishesEndBeforeAnotherNativeEndpoint
INSTRUMENTATION_STATUS_CODE: 1
INSTRUMENTATION_STATUS: class=com.amphion.dingqiao.demo.DqSdkCornerCaseTest
INSTRUMENTATION_STATUS: current=25
INSTRUMENTATION_STATUS: id=AndroidJUnitRunner
INSTRUMENTATION_STATUS: numtests=50
INSTRUMENTATION_STATUS: stream=.
INSTRUMENTATION_STATUS: test=a11a_vadEnd800_publishesEndBeforeAnotherNativeEndpoint
INSTRUMENTATION_STATUS_CODE: 0
INSTRUMENTATION_STATUS: class=com.amphion.dingqiao.demo.DqSdkCornerCaseTest
INSTRUMENTATION_STATUS: current=26
INSTRUMENTATION_STATUS: id=AndroidJUnitRunner
INSTRUMENTATION_STATUS: numtests=50
INSTRUMENTATION_STATUS: stream=
INSTRUMENTATION_STATUS: test=a12_postShutdown_throwsInsteadOfCallback
INSTRUMENTATION_STATUS_CODE: 1
INSTRUMENTATION_STATUS: class=com.amphion.dingqiao.demo.DqSdkCornerCaseTest
INSTRUMENTATION_STATUS: current=26
INSTRUMENTATION_STATUS: id=AndroidJUnitRunner
INSTRUMENTATION_STATUS: numtests=50
INSTRUMENTATION_STATUS: stream=.
INSTRUMENTATION_STATUS: test=a12_postShutdown_throwsInsteadOfCallback
INSTRUMENTATION_STATUS_CODE: 0
INSTRUMENTATION_STATUS: class=com.amphion.dingqiao.demo.DqVoiceprintTest
INSTRUMENTATION_STATUS: current=27
INSTRUMENTATION_STATUS: id=AndroidJUnitRunner
INSTRUMENTATION_STATUS: numtests=50
INSTRUMENTATION_STATUS: stream=
com.amphion.dingqiao.demo.DqVoiceprintTest:
INSTRUMENTATION_STATUS: test=v01_register_fromSample_ok
INSTRUMENTATION_STATUS_CODE: 1
INSTRUMENTATION_STATUS: class=com.amphion.dingqiao.demo.DqVoiceprintTest
INSTRUMENTATION_STATUS: current=27
INSTRUMENTATION_STATUS: id=AndroidJUnitRunner
INSTRUMENTATION_STATUS: numtests=50
INSTRUMENTATION_STATUS: stream=.
INSTRUMENTATION_STATUS: test=v01_register_fromSample_ok
INSTRUMENTATION_STATUS_CODE: 0
INSTRUMENTATION_STATUS: class=com.amphion.dingqiao.demo.DqVoiceprintTest
INSTRUMENTATION_STATUS: current=28
INSTRUMENTATION_STATUS: id=AndroidJUnitRunner
INSTRUMENTATION_STATUS: numtests=50
INSTRUMENTATION_STATUS: stream=
INSTRUMENTATION_STATUS: test=v02_register_tooLong_rejected
INSTRUMENTATION_STATUS_CODE: 1
INSTRUMENTATION_STATUS: class=com.amphion.dingqiao.demo.DqVoiceprintTest
INSTRUMENTATION_STATUS: current=28
INSTRUMENTATION_STATUS: id=AndroidJUnitRunner
INSTRUMENTATION_STATUS: numtests=50
INSTRUMENTATION_STATUS: stream=.
INSTRUMENTATION_STATUS: test=v02_register_tooLong_rejected
INSTRUMENTATION_STATUS_CODE: 0
INSTRUMENTATION_STATUS: class=com.amphion.dingqiao.demo.DqVoiceprintTest
INSTRUMENTATION_STATUS: current=29
INSTRUMENTATION_STATUS: id=AndroidJUnitRunner
INSTRUMENTATION_STATUS: numtests=50
INSTRUMENTATION_STATUS: stream=
INSTRUMENTATION_STATUS: test=v03_register_missingPath_rejected
INSTRUMENTATION_STATUS_CODE: 1
INSTRUMENTATION_STATUS: class=com.amphion.dingqiao.demo.DqVoiceprintTest
INSTRUMENTATION_STATUS: current=29
INSTRUMENTATION_STATUS: id=AndroidJUnitRunner
INSTRUMENTATION_STATUS: numtests=50
INSTRUMENTATION_STATUS: stream=.
INSTRUMENTATION_STATUS: test=v03_register_missingPath_rejected
INSTRUMENTATION_STATUS_CODE: 0
INSTRUMENTATION_STATUS: class=com.amphion.dingqiao.demo.DqVoiceprintTest
INSTRUMENTATION_STATUS: current=30
INSTRUMENTATION_STATUS: id=AndroidJUnitRunner
INSTRUMENTATION_STATUS: numtests=50
INSTRUMENTATION_STATUS: stream=
INSTRUMENTATION_STATUS: test=v04_verification_similarityReturned
INSTRUMENTATION_STATUS_CODE: 1
INSTRUMENTATION_STATUS: class=com.amphion.dingqiao.demo.DqVoiceprintTest
INSTRUMENTATION_STATUS: current=30
INSTRUMENTATION_STATUS: id=AndroidJUnitRunner
INSTRUMENTATION_STATUS: numtests=50
INSTRUMENTATION_STATUS: stream=.
INSTRUMENTATION_STATUS: test=v04_verification_similarityReturned
INSTRUMENTATION_STATUS_CODE: 0
INSTRUMENTATION_STATUS: class=com.amphion.dingqiao.demo.DqVoiceprintTest
INSTRUMENTATION_STATUS: current=31
INSTRUMENTATION_STATUS: id=AndroidJUnitRunner
INSTRUMENTATION_STATUS: numtests=50
INSTRUMENTATION_STATUS: stream=
INSTRUMENTATION_STATUS: test=v04b_verificationWithVadBegin_frontSilenceDoesNotEndEarly
INSTRUMENTATION_STATUS_CODE: 1
INSTRUMENTATION_STATUS: class=com.amphion.dingqiao.demo.DqVoiceprintTest
INSTRUMENTATION_STATUS: current=31
INSTRUMENTATION_STATUS: id=AndroidJUnitRunner
INSTRUMENTATION_STATUS: numtests=50
INSTRUMENTATION_STATUS: stream=.
INSTRUMENTATION_STATUS: test=v04b_verificationWithVadBegin_frontSilenceDoesNotEndEarly
INSTRUMENTATION_STATUS_CODE: 0
INSTRUMENTATION_STATUS: class=com.amphion.dingqiao.demo.DqVoiceprintTest
INSTRUMENTATION_STATUS: current=32
INSTRUMENTATION_STATUS: id=AndroidJUnitRunner
INSTRUMENTATION_STATUS: numtests=50
INSTRUMENTATION_STATUS: stream=
INSTRUMENTATION_STATUS: test=v04c_shortEffectiveSpeech_fallsBackToRealUtterancePcm
INSTRUMENTATION_STATUS_CODE: 1
INSTRUMENTATION_STATUS: class=com.amphion.dingqiao.demo.DqVoiceprintTest
INSTRUMENTATION_STATUS: current=32
INSTRUMENTATION_STATUS: id=AndroidJUnitRunner
INSTRUMENTATION_STATUS: numtests=50
INSTRUMENTATION_STATUS: stack=java.io.FileNotFoundException: 001_recognize.wav
	at android.content.res.AssetManager.nativeOpenAsset(Native Method)
	at android.content.res.AssetManager.open(AssetManager.java:913)
	at android.content.res.AssetManager.open(AssetManager.java:890)
	at com.amphion.dingqiao.demo.DqSupportKt.readAssetPcm(DqSupport.kt:180)
	at com.amphion.dingqiao.demo.DqVoiceprintTest.v04c_shortEffectiveSpeech_fallsBackToRealUtterancePcm(DqVoiceprintTest.kt:187)

INSTRUMENTATION_STATUS: stream=
Error in v04c_shortEffectiveSpeech_fallsBackToRealUtterancePcm(com.amphion.dingqiao.demo.DqVoiceprintTest):
java.io.FileNotFoundException: 001_recognize.wav
	at android.content.res.AssetManager.nativeOpenAsset(Native Method)
	at android.content.res.AssetManager.open(AssetManager.java:913)
	at android.content.res.AssetManager.open(AssetManager.java:890)
	at com.amphion.dingqiao.demo.DqSupportKt.readAssetPcm(DqSupport.kt:180)
	at com.amphion.dingqiao.demo.DqVoiceprintTest.v04c_shortEffectiveSpeech_fallsBackToRealUtterancePcm(DqVoiceprintTest.kt:187)

INSTRUMENTATION_STATUS: test=v04c_shortEffectiveSpeech_fallsBackToRealUtterancePcm
INSTRUMENTATION_STATUS_CODE: -2
INSTRUMENTATION_STATUS: class=com.amphion.dingqiao.demo.DqVoiceprintTest
INSTRUMENTATION_STATUS: current=33
INSTRUMENTATION_STATUS: id=AndroidJUnitRunner
INSTRUMENTATION_STATUS: numtests=50
INSTRUMENTATION_STATUS: stream=
INSTRUMENTATION_STATUS: test=v04d_voiceprintIdsReserveVadBeginGrace_forOnStartSpeakerVad
INSTRUMENTATION_STATUS_CODE: 1
INSTRUMENTATION_STATUS: class=com.amphion.dingqiao.demo.DqVoiceprintTest
INSTRUMENTATION_STATUS: current=33
INSTRUMENTATION_STATUS: id=AndroidJUnitRunner
INSTRUMENTATION_STATUS: numtests=50
INSTRUMENTATION_STATUS: stream=.
INSTRUMENTATION_STATUS: test=v04d_voiceprintIdsReserveVadBeginGrace_forOnStartSpeakerVad
INSTRUMENTATION_STATUS_CODE: 0
INSTRUMENTATION_STATUS: class=com.amphion.dingqiao.demo.DqVoiceprintTest
INSTRUMENTATION_STATUS: current=34
INSTRUMENTATION_STATUS: id=AndroidJUnitRunner
INSTRUMENTATION_STATUS: numtests=50
INSTRUMENTATION_STATUS: stream=
INSTRUMENTATION_STATUS: test=v04e_voiceprintVadBegin_pureSilenceEndsOnce
INSTRUMENTATION_STATUS_CODE: 1
INSTRUMENTATION_STATUS: class=com.amphion.dingqiao.demo.DqVoiceprintTest
INSTRUMENTATION_STATUS: current=34
INSTRUMENTATION_STATUS: id=AndroidJUnitRunner
INSTRUMENTATION_STATUS: numtests=50
INSTRUMENTATION_STATUS: stream=.
INSTRUMENTATION_STATUS: test=v04e_voiceprintVadBegin_pureSilenceEndsOnce
INSTRUMENTATION_STATUS_CODE: 0
INSTRUMENTATION_STATUS: class=com.amphion.dingqiao.demo.DqVoiceprintTest
INSTRUMENTATION_STATUS: current=35
INSTRUMENTATION_STATUS: id=AndroidJUnitRunner
INSTRUMENTATION_STATUS: numtests=50
INSTRUMENTATION_STATUS: stream=
INSTRUMENTATION_STATUS: test=v05_speakerVad_requiresVoiceprintIds
INSTRUMENTATION_STATUS_CODE: 1
INSTRUMENTATION_STATUS: class=com.amphion.dingqiao.demo.DqVoiceprintTest
INSTRUMENTATION_STATUS: current=35
INSTRUMENTATION_STATUS: id=AndroidJUnitRunner
INSTRUMENTATION_STATUS: numtests=50
INSTRUMENTATION_STATUS: stream=.
INSTRUMENTATION_STATUS: test=v05_speakerVad_requiresVoiceprintIds
INSTRUMENTATION_STATUS_CODE: 0
INSTRUMENTATION_STATUS: class=com.amphion.dingqiao.demo.DqVoiceprintTest
INSTRUMENTATION_STATUS: current=36
INSTRUMENTATION_STATUS: id=AndroidJUnitRunner
INSTRUMENTATION_STATUS: numtests=50
INSTRUMENTATION_STATUS: stream=
INSTRUMENTATION_STATUS: test=v06_speakerVad_overlapRuns
INSTRUMENTATION_STATUS_CODE: 1
INSTRUMENTATION_STATUS: class=com.amphion.dingqiao.demo.DqVoiceprintTest
INSTRUMENTATION_STATUS: current=36
INSTRUMENTATION_STATUS: id=AndroidJUnitRunner
INSTRUMENTATION_STATUS: numtests=50
INSTRUMENTATION_STATUS: stream=.
INSTRUMENTATION_STATUS: test=v06_speakerVad_overlapRuns
INSTRUMENTATION_STATUS_CODE: 0
INSTRUMENTATION_STATUS: class=com.amphion.dingqiao.demo.DqVoiceprintTest
INSTRUMENTATION_STATUS: current=37
INSTRUMENTATION_STATUS: id=AndroidJUnitRunner
INSTRUMENTATION_STATUS: numtests=50
INSTRUMENTATION_STATUS: stream=
INSTRUMENTATION_STATUS: test=v07_delete_thenNotFound
INSTRUMENTATION_STATUS_CODE: 1
INSTRUMENTATION_STATUS: class=com.amphion.dingqiao.demo.DqVoiceprintTest
INSTRUMENTATION_STATUS: current=37
INSTRUMENTATION_STATUS: id=AndroidJUnitRunner
INSTRUMENTATION_STATUS: numtests=50
INSTRUMENTATION_STATUS: stream=.
INSTRUMENTATION_STATUS: test=v07_delete_thenNotFound
INSTRUMENTATION_STATUS_CODE: 0
INSTRUMENTATION_STATUS: class=com.amphion.dingqiao.demo.DqVoiceprintTest
INSTRUMENTATION_STATUS: current=38
INSTRUMENTATION_STATUS: id=AndroidJUnitRunner
INSTRUMENTATION_STATUS: numtests=50
INSTRUMENTATION_STATUS: stream=
INSTRUMENTATION_STATUS: test=v08_setSpeakerVadEnabled_noVoiceprint_error
INSTRUMENTATION_STATUS_CODE: 1
INSTRUMENTATION_STATUS: class=com.amphion.dingqiao.demo.DqVoiceprintTest
INSTRUMENTATION_STATUS: current=38
INSTRUMENTATION_STATUS: id=AndroidJUnitRunner
INSTRUMENTATION_STATUS: numtests=50
INSTRUMENTATION_STATUS: stream=.
INSTRUMENTATION_STATUS: test=v08_setSpeakerVadEnabled_noVoiceprint_error
INSTRUMENTATION_STATUS_CODE: 0
INSTRUMENTATION_STATUS: class=com.amphion.dingqiao.demo.DqVoiceprintTest
INSTRUMENTATION_STATUS: current=39
INSTRUMENTATION_STATUS: id=AndroidJUnitRunner
INSTRUMENTATION_STATUS: numtests=50
INSTRUMENTATION_STATUS: stream=
INSTRUMENTATION_STATUS: test=v09_register_async_offCallerThread_ok
INSTRUMENTATION_STATUS_CODE: 1
INSTRUMENTATION_STATUS: class=com.amphion.dingqiao.demo.DqVoiceprintTest
INSTRUMENTATION_STATUS: current=39
INSTRUMENTATION_STATUS: id=AndroidJUnitRunner
INSTRUMENTATION_STATUS: numtests=50
INSTRUMENTATION_STATUS: stream=.
INSTRUMENTATION_STATUS: test=v09_register_async_offCallerThread_ok
INSTRUMENTATION_STATUS_CODE: 0
INSTRUMENTATION_STATUS: class=com.amphion.dingqiao.demo.DqLicenseTest
INSTRUMENTATION_STATUS: current=40
INSTRUMENTATION_STATUS: id=AndroidJUnitRunner
INSTRUMENTATION_STATUS: numtests=50
INSTRUMENTATION_STATUS: stream=
com.amphion.dingqiao.demo.DqLicenseTest:
INSTRUMENTATION_STATUS: test=L01_assetLicensed_engineWorks_andInfoReadable
INSTRUMENTATION_STATUS_CODE: 1
INSTRUMENTATION_STATUS: class=com.amphion.dingqiao.demo.DqLicenseTest
INSTRUMENTATION_STATUS: current=40
INSTRUMENTATION_STATUS: id=AndroidJUnitRunner
INSTRUMENTATION_STATUS: numtests=50
INSTRUMENTATION_STATUS: stream=.
INSTRUMENTATION_STATUS: test=L01_assetLicensed_engineWorks_andInfoReadable
INSTRUMENTATION_STATUS_CODE: 0
INSTRUMENTATION_STATUS: class=com.amphion.dingqiao.demo.DqLicenseTest
INSTRUMENTATION_STATUS: current=41
INSTRUMENTATION_STATUS: id=AndroidJUnitRunner
INSTRUMENTATION_STATUS: numtests=50
INSTRUMENTATION_STATUS: stream=
INSTRUMENTATION_STATUS: test=L10_setValid_ok
INSTRUMENTATION_STATUS_CODE: 1
INSTRUMENTATION_STATUS: class=com.amphion.dingqiao.demo.DqLicenseTest
INSTRUMENTATION_STATUS: current=41
INSTRUMENTATION_STATUS: id=AndroidJUnitRunner
INSTRUMENTATION_STATUS: numtests=50
INSTRUMENTATION_STATUS: stream=.
INSTRUMENTATION_STATUS: test=L10_setValid_ok
INSTRUMENTATION_STATUS_CODE: 0
INSTRUMENTATION_STATUS: class=com.amphion.dingqiao.demo.DqLicenseTest
INSTRUMENTATION_STATUS: current=42
INSTRUMENTATION_STATUS: id=AndroidJUnitRunner
INSTRUMENTATION_STATUS: numtests=50
INSTRUMENTATION_STATUS: stream=
INSTRUMENTATION_STATUS: test=L20_setExpired
INSTRUMENTATION_STATUS_CODE: 1
INSTRUMENTATION_STATUS: class=com.amphion.dingqiao.demo.DqLicenseTest
INSTRUMENTATION_STATUS: current=42
INSTRUMENTATION_STATUS: id=AndroidJUnitRunner
INSTRUMENTATION_STATUS: numtests=50
INSTRUMENTATION_STATUS: stream=.
INSTRUMENTATION_STATUS: test=L20_setExpired
INSTRUMENTATION_STATUS_CODE: 0
INSTRUMENTATION_STATUS: class=com.amphion.dingqiao.demo.DqLicenseTest
INSTRUMENTATION_STATUS: current=43
INSTRUMENTATION_STATUS: id=AndroidJUnitRunner
INSTRUMENTATION_STATUS: numtests=50
INSTRUMENTATION_STATUS: stream=
INSTRUMENTATION_STATUS: test=L80_setMalformed
INSTRUMENTATION_STATUS_CODE: 1
INSTRUMENTATION_STATUS: class=com.amphion.dingqiao.demo.DqLicenseTest
INSTRUMENTATION_STATUS: current=43
INSTRUMENTATION_STATUS: id=AndroidJUnitRunner
INSTRUMENTATION_STATUS: numtests=50
INSTRUMENTATION_STATUS: stream=.
INSTRUMENTATION_STATUS: test=L80_setMalformed
INSTRUMENTATION_STATUS_CODE: 0
INSTRUMENTATION_STATUS: class=com.amphion.dingqiao.demo.DqLicenseTest
INSTRUMENTATION_STATUS: current=44
INSTRUMENTATION_STATUS: id=AndroidJUnitRunner
INSTRUMENTATION_STATUS: numtests=50
INSTRUMENTATION_STATUS: stream=
INSTRUMENTATION_STATUS: test=L85_setMissingPath
INSTRUMENTATION_STATUS_CODE: 1
INSTRUMENTATION_STATUS: class=com.amphion.dingqiao.demo.DqLicenseTest
INSTRUMENTATION_STATUS: current=44
INSTRUMENTATION_STATUS: id=AndroidJUnitRunner
INSTRUMENTATION_STATUS: numtests=50
INSTRUMENTATION_STATUS: stream=.
INSTRUMENTATION_STATUS: test=L85_setMissingPath
INSTRUMENTATION_STATUS_CODE: 0
INSTRUMENTATION_STATUS: class=com.amphion.dingqiao.demo.DqLicenseTest
INSTRUMENTATION_STATUS: current=45
INSTRUMENTATION_STATUS: id=AndroidJUnitRunner
INSTRUMENTATION_STATUS: numtests=50
INSTRUMENTATION_STATUS: stream=
INSTRUMENTATION_STATUS: test=L90_restoreValid
INSTRUMENTATION_STATUS_CODE: 1
INSTRUMENTATION_STATUS: class=com.amphion.dingqiao.demo.DqLicenseTest
INSTRUMENTATION_STATUS: current=45
INSTRUMENTATION_STATUS: id=AndroidJUnitRunner
INSTRUMENTATION_STATUS: numtests=50
INSTRUMENTATION_STATUS: stream=.
INSTRUMENTATION_STATUS: test=L90_restoreValid
INSTRUMENTATION_STATUS_CODE: 0
INSTRUMENTATION_STATUS: class=com.amphion.dingqiao.demo.DingqiaoFinishFlushRegressionTest
INSTRUMENTATION_STATUS: current=46
INSTRUMENTATION_STATUS: id=AndroidJUnitRunner
INSTRUMENTATION_STATUS: numtests=50
INSTRUMENTATION_STATUS: stream=
com.amphion.dingqiao.demo.DingqiaoFinishFlushRegressionTest:
INSTRUMENTATION_STATUS: test=assetLicenseInfoReflectsRuntimeLicense
INSTRUMENTATION_STATUS_CODE: 1
INSTRUMENTATION_STATUS: class=com.amphion.dingqiao.demo.DingqiaoFinishFlushRegressionTest
INSTRUMENTATION_STATUS: current=46
INSTRUMENTATION_STATUS: id=AndroidJUnitRunner
INSTRUMENTATION_STATUS: numtests=50
INSTRUMENTATION_STATUS: stream=.
INSTRUMENTATION_STATUS: test=assetLicenseInfoReflectsRuntimeLicense
INSTRUMENTATION_STATUS_CODE: 0
INSTRUMENTATION_STATUS: class=com.amphion.dingqiao.demo.DingqiaoFinishFlushRegressionTest
INSTRUMENTATION_STATUS: current=47
INSTRUMENTATION_STATUS: id=AndroidJUnitRunner
INSTRUMENTATION_STATUS: numtests=50
INSTRUMENTATION_STATUS: stream=
INSTRUMENTATION_STATUS: test=fastFeedFinishDoesNotDropQueuedFinals
INSTRUMENTATION_STATUS_CODE: 1
INSTRUMENTATION_STATUS: class=com.amphion.dingqiao.demo.DingqiaoFinishFlushRegressionTest
INSTRUMENTATION_STATUS: current=47
INSTRUMENTATION_STATUS: id=AndroidJUnitRunner
INSTRUMENTATION_STATUS: numtests=50
INSTRUMENTATION_STATUS: stack=java.lang.IllegalArgumentException: need at least 4 mono PCM16 wav assets; found 2 wav assets but only 2 supported. Run with -PdingqiaoEvalAudioDir=/path/to/audio
	at com.amphion.dingqiao.demo.DingqiaoFinishFlushRegressionTest.selectedRegressionWavs(DingqiaoFinishFlushRegressionTest.kt:192)
	at com.amphion.dingqiao.demo.DingqiaoFinishFlushRegressionTest.fastFeedFinishDoesNotDropQueuedFinals(DingqiaoFinishFlushRegressionTest.kt:40)

INSTRUMENTATION_STATUS: stream=
Error in fastFeedFinishDoesNotDropQueuedFinals(com.amphion.dingqiao.demo.DingqiaoFinishFlushRegressionTest):
java.lang.IllegalArgumentException: need at least 4 mono PCM16 wav assets; found 2 wav assets but only 2 supported. Run with -PdingqiaoEvalAudioDir=/path/to/audio
	at com.amphion.dingqiao.demo.DingqiaoFinishFlushRegressionTest.selectedRegressionWavs(DingqiaoFinishFlushRegressionTest.kt:192)
	at com.amphion.dingqiao.demo.DingqiaoFinishFlushRegressionTest.fastFeedFinishDoesNotDropQueuedFinals(DingqiaoFinishFlushRegressionTest.kt:40)

INSTRUMENTATION_STATUS: test=fastFeedFinishDoesNotDropQueuedFinals
INSTRUMENTATION_STATUS_CODE: -2
INSTRUMENTATION_STATUS: class=com.amphion.dingqiao.demo.DingqiaoFinishFlushRegressionTest
INSTRUMENTATION_STATUS: current=48
INSTRUMENTATION_STATUS: id=AndroidJUnitRunner
INSTRUMENTATION_STATUS: numtests=50
INSTRUMENTATION_STATUS: stream=
INSTRUMENTATION_STATUS: test=generatedSessionTagIsValidForUnicodeAssetName
INSTRUMENTATION_STATUS_CODE: 1
INSTRUMENTATION_STATUS: class=com.amphion.dingqiao.demo.DingqiaoFinishFlushRegressionTest
INSTRUMENTATION_STATUS: current=48
INSTRUMENTATION_STATUS: id=AndroidJUnitRunner
INSTRUMENTATION_STATUS: numtests=50
INSTRUMENTATION_STATUS: stream=.
INSTRUMENTATION_STATUS: test=generatedSessionTagIsValidForUnicodeAssetName
INSTRUMENTATION_STATUS_CODE: 0
INSTRUMENTATION_STATUS: class=com.amphion.dingqiao.demo.DiarizationDemoInstrumentedTest
INSTRUMENTATION_STATUS: current=49
INSTRUMENTATION_STATUS: id=AndroidJUnitRunner
INSTRUMENTATION_STATUS: numtests=50
INSTRUMENTATION_STATUS: stream=
com.amphion.dingqiao.demo.DiarizationDemoInstrumentedTest:
INSTRUMENTATION_STATUS: test=textFinalDoesNotFreezeRoleButWindowResultDoes
INSTRUMENTATION_STATUS_CODE: 1
INSTRUMENTATION_STATUS: class=com.amphion.dingqiao.demo.DiarizationDemoInstrumentedTest
INSTRUMENTATION_STATUS: current=49
INSTRUMENTATION_STATUS: id=AndroidJUnitRunner
INSTRUMENTATION_STATUS: numtests=50
INSTRUMENTATION_STATUS: stream=.
INSTRUMENTATION_STATUS: test=textFinalDoesNotFreezeRoleButWindowResultDoes
INSTRUMENTATION_STATUS_CODE: 0
INSTRUMENTATION_STATUS: class=com.amphion.dingqiao.demo.DiarizationDemoInstrumentedTest
INSTRUMENTATION_STATUS: current=50
INSTRUMENTATION_STATUS: id=AndroidJUnitRunner
INSTRUMENTATION_STATUS: numtests=50
INSTRUMENTATION_STATUS: stream=
INSTRUMENTATION_STATUS: test=roleFragmentsKeepReadableSourceParagraphsAndHonestLabels
INSTRUMENTATION_STATUS_CODE: 1
INSTRUMENTATION_STATUS: class=com.amphion.dingqiao.demo.DiarizationDemoInstrumentedTest
INSTRUMENTATION_STATUS: current=50
INSTRUMENTATION_STATUS: id=AndroidJUnitRunner
INSTRUMENTATION_STATUS: numtests=50
INSTRUMENTATION_STATUS: stream=.
INSTRUMENTATION_STATUS: test=roleFragmentsKeepReadableSourceParagraphsAndHonestLabels
INSTRUMENTATION_STATUS_CODE: 0
INSTRUMENTATION_RESULT: stream=

Time: 193.907
There were 2 failures:
1) v04c_shortEffectiveSpeech_fallsBackToRealUtterancePcm(com.amphion.dingqiao.demo.DqVoiceprintTest)
java.io.FileNotFoundException: 001_recognize.wav
	at android.content.res.AssetManager.nativeOpenAsset(Native Method)
	at android.content.res.AssetManager.open(AssetManager.java:913)
	at android.content.res.AssetManager.open(AssetManager.java:890)
	at com.amphion.dingqiao.demo.DqSupportKt.readAssetPcm(DqSupport.kt:180)
	at com.amphion.dingqiao.demo.DqVoiceprintTest.v04c_shortEffectiveSpeech_fallsBackToRealUtterancePcm(DqVoiceprintTest.kt:187)
2) fastFeedFinishDoesNotDropQueuedFinals(com.amphion.dingqiao.demo.DingqiaoFinishFlushRegressionTest)
java.lang.IllegalArgumentException: need at least 4 mono PCM16 wav assets; found 2 wav assets but only 2 supported. Run with -PdingqiaoEvalAudioDir=/path/to/audio
	at com.amphion.dingqiao.demo.DingqiaoFinishFlushRegressionTest.selectedRegressionWavs(DingqiaoFinishFlushRegressionTest.kt:192)
	at com.amphion.dingqiao.demo.DingqiaoFinishFlushRegressionTest.fastFeedFinishDoesNotDropQueuedFinals(DingqiaoFinishFlushRegressionTest.kt:40)

FAILURES!!!
Tests run: 50,  Failures: 2


INSTRUMENTATION_CODE: -1
