INSTRUMENTATION_STATUS: class=com.amphion.dingqiao.demo.DqSdkCornerCaseTest
INSTRUMENTATION_STATUS: current=1
INSTRUMENTATION_STATUS: id=AndroidJUnitRunner
INSTRUMENTATION_STATUS: numtests=18
INSTRUMENTATION_STATUS: stream=
com.amphion.dingqiao.demo.DqSdkCornerCaseTest:
INSTRUMENTATION_STATUS: test=a03_writeBeforeStart_notListening
INSTRUMENTATION_STATUS_CODE: 1
INSTRUMENTATION_STATUS: class=com.amphion.dingqiao.demo.DqSdkCornerCaseTest
INSTRUMENTATION_STATUS: current=1
INSTRUMENTATION_STATUS: id=AndroidJUnitRunner
INSTRUMENTATION_STATUS: numtests=18
INSTRUMENTATION_STATUS: stream=.
INSTRUMENTATION_STATUS: test=a03_writeBeforeStart_notListening
INSTRUMENTATION_STATUS_CODE: 0
INSTRUMENTATION_STATUS: class=com.amphion.dingqiao.demo.DqSdkCornerCaseTest
INSTRUMENTATION_STATUS: current=2
INSTRUMENTATION_STATUS: id=AndroidJUnitRunner
INSTRUMENTATION_STATUS: numtests=18
INSTRUMENTATION_STATUS: stream=
INSTRUMENTATION_STATUS: test=a04_doubleStart_busy
INSTRUMENTATION_STATUS_CODE: 1
INSTRUMENTATION_STATUS: class=com.amphion.dingqiao.demo.DqSdkCornerCaseTest
INSTRUMENTATION_STATUS: current=2
INSTRUMENTATION_STATUS: id=AndroidJUnitRunner
INSTRUMENTATION_STATUS: numtests=18
INSTRUMENTATION_STATUS: stream=.
INSTRUMENTATION_STATUS: test=a04_doubleStart_busy
INSTRUMENTATION_STATUS_CODE: 0
INSTRUMENTATION_STATUS: class=com.amphion.dingqiao.demo.DqSdkCornerCaseTest
INSTRUMENTATION_STATUS: current=3
INSTRUMENTATION_STATUS: id=AndroidJUnitRunner
INSTRUMENTATION_STATUS: numtests=18
INSTRUMENTATION_STATUS: stream=
INSTRUMENTATION_STATUS: test=a05_finishWhenIdle_finishFailed
INSTRUMENTATION_STATUS_CODE: 1
INSTRUMENTATION_STATUS: class=com.amphion.dingqiao.demo.DqSdkCornerCaseTest
INSTRUMENTATION_STATUS: current=3
INSTRUMENTATION_STATUS: id=AndroidJUnitRunner
INSTRUMENTATION_STATUS: numtests=18
INSTRUMENTATION_STATUS: stream=.
INSTRUMENTATION_STATUS: test=a05_finishWhenIdle_finishFailed
INSTRUMENTATION_STATUS_CODE: 0
INSTRUMENTATION_STATUS: class=com.amphion.dingqiao.demo.DqSdkCornerCaseTest
INSTRUMENTATION_STATUS: current=4
INSTRUMENTATION_STATUS: id=AndroidJUnitRunner
INSTRUMENTATION_STATUS: numtests=18
INSTRUMENTATION_STATUS: stream=
INSTRUMENTATION_STATUS: test=a06_cancel_noFinalNoComplete
INSTRUMENTATION_STATUS_CODE: 1
INSTRUMENTATION_STATUS: class=com.amphion.dingqiao.demo.DqSdkCornerCaseTest
INSTRUMENTATION_STATUS: current=4
INSTRUMENTATION_STATUS: id=AndroidJUnitRunner
INSTRUMENTATION_STATUS: numtests=18
INSTRUMENTATION_STATUS: stream=.
INSTRUMENTATION_STATUS: test=a06_cancel_noFinalNoComplete
INSTRUMENTATION_STATUS_CODE: 0
INSTRUMENTATION_STATUS: class=com.amphion.dingqiao.demo.DqSdkCornerCaseTest
INSTRUMENTATION_STATUS: current=5
INSTRUMENTATION_STATUS: id=AndroidJUnitRunner
INSTRUMENTATION_STATUS: numtests=18
INSTRUMENTATION_STATUS: stream=
INSTRUMENTATION_STATUS: test=a07_invalidSessionId_rejected
INSTRUMENTATION_STATUS_CODE: 1
INSTRUMENTATION_STATUS: class=com.amphion.dingqiao.demo.DqSdkCornerCaseTest
INSTRUMENTATION_STATUS: current=5
INSTRUMENTATION_STATUS: id=AndroidJUnitRunner
INSTRUMENTATION_STATUS: numtests=18
INSTRUMENTATION_STATUS: stream=.
INSTRUMENTATION_STATUS: test=a07_invalidSessionId_rejected
INSTRUMENTATION_STATUS_CODE: 0
INSTRUMENTATION_STATUS: class=com.amphion.dingqiao.demo.DqSdkCornerCaseTest
INSTRUMENTATION_STATUS: current=6
INSTRUMENTATION_STATUS: id=AndroidJUnitRunner
INSTRUMENTATION_STATUS: numtests=18
INSTRUMENTATION_STATUS: stream=
INSTRUMENTATION_STATUS: test=a08_writeWrongSessionId_mismatch
INSTRUMENTATION_STATUS_CODE: 1
INSTRUMENTATION_STATUS: class=com.amphion.dingqiao.demo.DqSdkCornerCaseTest
INSTRUMENTATION_STATUS: current=6
INSTRUMENTATION_STATUS: id=AndroidJUnitRunner
INSTRUMENTATION_STATUS: numtests=18
INSTRUMENTATION_STATUS: stream=.
INSTRUMENTATION_STATUS: test=a08_writeWrongSessionId_mismatch
INSTRUMENTATION_STATUS_CODE: 0
INSTRUMENTATION_STATUS: class=com.amphion.dingqiao.demo.DqSdkCornerCaseTest
INSTRUMENTATION_STATUS: current=7
INSTRUMENTATION_STATUS: id=AndroidJUnitRunner
INSTRUMENTATION_STATUS: numtests=18
INSTRUMENTATION_STATUS: stream=
INSTRUMENTATION_STATUS: test=a09_maxAudioDuration_explicitShortLimitAutoFinishes
INSTRUMENTATION_STATUS_CODE: 1
INSTRUMENTATION_STATUS: class=com.amphion.dingqiao.demo.DqSdkCornerCaseTest
INSTRUMENTATION_STATUS: current=7
INSTRUMENTATION_STATUS: id=AndroidJUnitRunner
INSTRUMENTATION_STATUS: numtests=18
INSTRUMENTATION_STATUS: stream=.
INSTRUMENTATION_STATUS: test=a09_maxAudioDuration_explicitShortLimitAutoFinishes
INSTRUMENTATION_STATUS_CODE: 0
INSTRUMENTATION_STATUS: class=com.amphion.dingqiao.demo.DqSdkCornerCaseTest
INSTRUMENTATION_STATUS: current=8
INSTRUMENTATION_STATUS: id=AndroidJUnitRunner
INSTRUMENTATION_STATUS: numtests=18
INSTRUMENTATION_STATUS: stream=
INSTRUMENTATION_STATUS: test=a09b_maxAudioDuration_nonFiniteValuesStayDisabled
INSTRUMENTATION_STATUS_CODE: 1
INSTRUMENTATION_STATUS: class=com.amphion.dingqiao.demo.DqSdkCornerCaseTest
INSTRUMENTATION_STATUS: current=8
INSTRUMENTATION_STATUS: id=AndroidJUnitRunner
INSTRUMENTATION_STATUS: numtests=18
INSTRUMENTATION_STATUS: stream=.
INSTRUMENTATION_STATUS: test=a09b_maxAudioDuration_nonFiniteValuesStayDisabled
INSTRUMENTATION_STATUS_CODE: 0
INSTRUMENTATION_STATUS: class=com.amphion.dingqiao.demo.DqSdkCornerCaseTest
INSTRUMENTATION_STATUS: current=9
INSTRUMENTATION_STATUS: id=AndroidJUnitRunner
INSTRUMENTATION_STATUS: numtests=18
INSTRUMENTATION_STATUS: stream=
INSTRUMENTATION_STATUS: test=a10_maxAudioDuration_autoFinish
INSTRUMENTATION_STATUS_CODE: 1
INSTRUMENTATION_STATUS: class=com.amphion.dingqiao.demo.DqSdkCornerCaseTest
INSTRUMENTATION_STATUS: current=9
INSTRUMENTATION_STATUS: id=AndroidJUnitRunner
INSTRUMENTATION_STATUS: numtests=18
INSTRUMENTATION_STATUS: stream=.
INSTRUMENTATION_STATUS: test=a10_maxAudioDuration_autoFinish
INSTRUMENTATION_STATUS_CODE: 0
INSTRUMENTATION_STATUS: class=com.amphion.dingqiao.demo.DqSdkCornerCaseTest
INSTRUMENTATION_STATUS: current=10
INSTRUMENTATION_STATUS: id=AndroidJUnitRunner
INSTRUMENTATION_STATUS: numtests=18
INSTRUMENTATION_STATUS: stream=
INSTRUMENTATION_STATUS: test=a10b_autoFinishWindow_ignoresLateFrames
INSTRUMENTATION_STATUS_CODE: 1
INSTRUMENTATION_STATUS: class=com.amphion.dingqiao.demo.DqSdkCornerCaseTest
INSTRUMENTATION_STATUS: current=10
INSTRUMENTATION_STATUS: id=AndroidJUnitRunner
INSTRUMENTATION_STATUS: numtests=18
INSTRUMENTATION_STATUS: stream=.
INSTRUMENTATION_STATUS: test=a10b_autoFinishWindow_ignoresLateFrames
INSTRUMENTATION_STATUS_CODE: 0
INSTRUMENTATION_STATUS: class=com.amphion.dingqiao.demo.DqSdkCornerCaseTest
INSTRUMENTATION_STATUS: current=11
INSTRUMENTATION_STATUS: id=AndroidJUnitRunner
INSTRUMENTATION_STATUS: numtests=18
INSTRUMENTATION_STATUS: stream=
INSTRUMENTATION_STATUS: test=a10c_finishIdempotent_singleComplete
INSTRUMENTATION_STATUS_CODE: 1
INSTRUMENTATION_STATUS: class=com.amphion.dingqiao.demo.DqSdkCornerCaseTest
INSTRUMENTATION_STATUS: current=11
INSTRUMENTATION_STATUS: id=AndroidJUnitRunner
INSTRUMENTATION_STATUS: numtests=18
INSTRUMENTATION_STATUS: stream=.
INSTRUMENTATION_STATUS: test=a10c_finishIdempotent_singleComplete
INSTRUMENTATION_STATUS_CODE: 0
INSTRUMENTATION_STATUS: class=com.amphion.dingqiao.demo.DqSdkCornerCaseTest
INSTRUMENTATION_STATUS: current=12
INSTRUMENTATION_STATUS: id=AndroidJUnitRunner
INSTRUMENTATION_STATUS: numtests=18
INSTRUMENTATION_STATUS: stream=
INSTRUMENTATION_STATUS: test=a10d_terminalCallback_reentrantReplacementOwnsCompletion
INSTRUMENTATION_STATUS_CODE: 1
INSTRUMENTATION_STATUS: class=com.amphion.dingqiao.demo.DqSdkCornerCaseTest
INSTRUMENTATION_STATUS: current=12
INSTRUMENTATION_STATUS: id=AndroidJUnitRunner
INSTRUMENTATION_STATUS: numtests=18
INSTRUMENTATION_STATUS: stream=.
INSTRUMENTATION_STATUS: test=a10d_terminalCallback_reentrantReplacementOwnsCompletion
INSTRUMENTATION_STATUS_CODE: 0
INSTRUMENTATION_STATUS: class=com.amphion.dingqiao.demo.DqSdkCornerCaseTest
INSTRUMENTATION_STATUS: current=13
INSTRUMENTATION_STATUS: id=AndroidJUnitRunner
INSTRUMENTATION_STATUS: numtests=18
INSTRUMENTATION_STATUS: stream=
INSTRUMENTATION_STATUS: test=a10e_onStartSynchronousWrite_thenContinue
INSTRUMENTATION_STATUS_CODE: 1
INSTRUMENTATION_STATUS: class=com.amphion.dingqiao.demo.DqSdkCornerCaseTest
INSTRUMENTATION_STATUS: current=13
INSTRUMENTATION_STATUS: id=AndroidJUnitRunner
INSTRUMENTATION_STATUS: numtests=18
INSTRUMENTATION_STATUS: stream=.
INSTRUMENTATION_STATUS: test=a10e_onStartSynchronousWrite_thenContinue
INSTRUMENTATION_STATUS_CODE: 0
INSTRUMENTATION_STATUS: class=com.amphion.dingqiao.demo.DqSdkCornerCaseTest
INSTRUMENTATION_STATUS: current=14
INSTRUMENTATION_STATUS: id=AndroidJUnitRunner
INSTRUMENTATION_STATUS: numtests=18
INSTRUMENTATION_STATUS: stream=
INSTRUMENTATION_STATUS: test=a10f_onStartSynchronousWrite_thenImmediateFinish
INSTRUMENTATION_STATUS_CODE: 1
INSTRUMENTATION_STATUS: class=com.amphion.dingqiao.demo.DqSdkCornerCaseTest
INSTRUMENTATION_STATUS: current=14
INSTRUMENTATION_STATUS: id=AndroidJUnitRunner
INSTRUMENTATION_STATUS: numtests=18
INSTRUMENTATION_STATUS: stream=.
INSTRUMENTATION_STATUS: test=a10f_onStartSynchronousWrite_thenImmediateFinish
INSTRUMENTATION_STATUS_CODE: 0
INSTRUMENTATION_STATUS: class=com.amphion.dingqiao.demo.DqVoiceprintTest
INSTRUMENTATION_STATUS: current=15
INSTRUMENTATION_STATUS: id=AndroidJUnitRunner
INSTRUMENTATION_STATUS: numtests=18
INSTRUMENTATION_STATUS: stream=
com.amphion.dingqiao.demo.DqVoiceprintTest:
INSTRUMENTATION_STATUS: test=v05_speakerVad_requiresVoiceprintIds
INSTRUMENTATION_STATUS_CODE: 1
INSTRUMENTATION_STATUS: class=com.amphion.dingqiao.demo.DqVoiceprintTest
INSTRUMENTATION_STATUS: current=15
INSTRUMENTATION_STATUS: id=AndroidJUnitRunner
INSTRUMENTATION_STATUS: numtests=18
INSTRUMENTATION_STATUS: stream=.
INSTRUMENTATION_STATUS: test=v05_speakerVad_requiresVoiceprintIds
INSTRUMENTATION_STATUS_CODE: 0
INSTRUMENTATION_STATUS: class=com.amphion.dingqiao.demo.DqVoiceprintTest
INSTRUMENTATION_STATUS: current=16
INSTRUMENTATION_STATUS: id=AndroidJUnitRunner
INSTRUMENTATION_STATUS: numtests=18
INSTRUMENTATION_STATUS: stream=
INSTRUMENTATION_STATUS: test=v06_speakerVad_overlapRuns
INSTRUMENTATION_STATUS_CODE: 1
INSTRUMENTATION_STATUS: class=com.amphion.dingqiao.demo.DqVoiceprintTest
INSTRUMENTATION_STATUS: current=16
INSTRUMENTATION_STATUS: id=AndroidJUnitRunner
INSTRUMENTATION_STATUS: numtests=18
INSTRUMENTATION_STATUS: stream=.
INSTRUMENTATION_STATUS: test=v06_speakerVad_overlapRuns
INSTRUMENTATION_STATUS_CODE: 0
INSTRUMENTATION_STATUS: class=com.amphion.dingqiao.demo.DqVoiceprintTest
INSTRUMENTATION_STATUS: current=17
INSTRUMENTATION_STATUS: id=AndroidJUnitRunner
INSTRUMENTATION_STATUS: numtests=18
INSTRUMENTATION_STATUS: stream=
INSTRUMENTATION_STATUS: test=v07_delete_thenNotFound
INSTRUMENTATION_STATUS_CODE: 1
INSTRUMENTATION_STATUS: class=com.amphion.dingqiao.demo.DqVoiceprintTest
INSTRUMENTATION_STATUS: current=17
INSTRUMENTATION_STATUS: id=AndroidJUnitRunner
INSTRUMENTATION_STATUS: numtests=18
INSTRUMENTATION_STATUS: stream=.
INSTRUMENTATION_STATUS: test=v07_delete_thenNotFound
INSTRUMENTATION_STATUS_CODE: 0
INSTRUMENTATION_STATUS: class=com.amphion.dingqiao.demo.DqVoiceprintTest
INSTRUMENTATION_STATUS: current=18
INSTRUMENTATION_STATUS: id=AndroidJUnitRunner
INSTRUMENTATION_STATUS: numtests=18
INSTRUMENTATION_STATUS: stream=
INSTRUMENTATION_STATUS: test=v08_setSpeakerVadEnabled_noVoiceprint_error
INSTRUMENTATION_STATUS_CODE: 1
INSTRUMENTATION_STATUS: class=com.amphion.dingqiao.demo.DqVoiceprintTest
INSTRUMENTATION_STATUS: current=18
INSTRUMENTATION_STATUS: id=AndroidJUnitRunner
INSTRUMENTATION_STATUS: numtests=18
INSTRUMENTATION_STATUS: stream=.
INSTRUMENTATION_STATUS: test=v08_setSpeakerVadEnabled_noVoiceprint_error
INSTRUMENTATION_STATUS_CODE: 0
INSTRUMENTATION_RESULT: stream=

Time: 87.318

OK (18 tests)


INSTRUMENTATION_CODE: -1
