> hvigor [32mFinished :amphion_asr_demo:clean... after 1 ms [39m
> hvigor [33mWARN: The version number of the 'amphion_asr_demo' module does not comply with the SemVer specification.
               This will affect the installation and publication by ohpm.
               Make sure the value of version in the oh-package.json5 file of the module complies with the SemVer specification.[39m
> hvigor [32mFinished :amphion_asr_demo:default@PreBuild... after 50 ms [39m
> hvigor [32mFinished :amphion_asr_demo:default@CreateModuleInfo... after 1 ms [39m
> hvigor [32mFinished :amphion_asr_demo:default@GenerateMetadata... after 1 ms [39m
> hvigor [32mFinished :amphion_asr_demo:default@ConfigureCmake... after 1 ms [39m
> hvigor [32mFinished :amphion_asr_demo:default@MergeProfile... after 3 ms [39m
> hvigor [32mFinished :amphion_asr_demo:default@CreateBuildProfile... after 1 ms [39m
> hvigor [32mFinished :amphion_asr_demo:default@PreCheckSyscap... after 1 ms [39m
> hvigor [32mFinished :amphion_asr_demo:default@GeneratePkgContextInfo... after 5 ms [39m
> hvigor [32mFinished :amphion_asr_demo:default@GeneratePkgSdkInfo... after 1 ms [39m
> hvigor [32mFinished :amphion_asr_demo:default@ProcessIntegratedHsp... after 1 ms [39m
> hvigor [32mFinished :amphion_asr_demo:default@BuildNativeWithCmake... after 1 ms [39m
> hvigor [32mFinished :amphion_asr_demo:default@MakePackInfo... after 1 ms [39m
> hvigor [32mFinished :amphion_asr_demo:default@SyscapTransform... after 1 ms [39m
> hvigor [32mFinished :amphion_asr_demo:default@ProcessProfile... after 51 ms [39m
> hvigor [32mFinished :amphion_asr_demo:default@ProcessRouterMap... after 2 ms [39m
> hvigor [32mFinished :amphion_asr_demo:default@ProcessShareConfig... after 1 ms [39m
> hvigor [32mFinished :amphion_asr_demo:default@ProcessStartupConfig... after 1 ms [39m
> hvigor [32mFinished :amphion_asr_demo:default@BuildNativeWithNinja... after 1 ms [39m
> hvigor [32mFinished :amphion_asr_demo:default@ProcessResource... after 1 ms [39m
> hvigor [32mFinished :amphion_asr_demo:default@GenerateLoaderJson... after 3 ms [39m
> hvigor [32mFinished :amphion_asr_demo:default@ProcessLibs... after 34 ms [39m
> hvigor [33mWARN: Warning: 'EntryAbility_label' conflict, first declared.
at <LOCAL_PATH>
but declared again.
at <LOCAL_PATH>
Warning: 'page_show' conflict, first declared.
at <LOCAL_PATH>
but declared again.
at <LOCAL_PATH>
Warning: 'page_show' conflict, first declared.
at <LOCAL_PATH>
but declared again.
at <LOCAL_PATH>
Warning: 'page_show' conflict, first declared.
at <LOCAL_PATH>
but declared again.
at <LOCAL_PATH>
[39m
> hvigor [32mFinished :amphion_asr_demo:default@CompileResource... after 822 ms [39m
> hvigor [32mFinished :amphion_asr_demo:default@BuildJS... after 2 ms [39m
> hvigor [32mFinished :amphion_asr_demo:default@DoNativeStrip... after 51 ms [39m
> hvigor [32mFinished :amphion_asr_demo:default@CacheNativeLibs... after 3 ms [39m
> hvigor [33mWARN: [33mWARN: [33m[33mArkTS:WARN File: <LOCAL_PATH>
 Function may throw exceptions. Special handling is required.
[39m[39m
[33mWARN: [33m[33mArkTS:WARN File: <LOCAL_PATH>
 Function may throw exceptions. Special handling is required.
[39m[39m
[33mWARN: [33m[33mArkTS:WARN File: <LOCAL_PATH>
 Function may throw exceptions. Special handling is required.
[39m[39m
[33mWARN: [33m[33mArkTS:WARN File: <LOCAL_PATH>
 Function may throw exceptions. Special handling is required.
[39m[39m
[33mWARN: [33m[33mArkTS:WARN File: <LOCAL_PATH>
 Function may throw exceptions. Special handling is required.
[39m[39m
[33mWARN: [33m[33mArkTS:WARN File: <LOCAL_PATH>
 Function may throw exceptions. Special handling is required.
[39m[39m
[33mWARN: [33m[33mArkTS:WARN File: <LOCAL_PATH>
 Function may throw exceptions. Special handling is required.
[39m[39m
[33mWARN: [33m[33mArkTS:WARN File: <LOCAL_PATH>
 Function may throw exceptions. Special handling is required.
[39m[39m
[33mWARN: [33m[33mArkTS:WARN File: <LOCAL_PATH>
 Function may throw exceptions. Special handling is required.
[39m[39m
[33mWARN: [33m[33mArkTS:WARN File: <LOCAL_PATH>
 Function may throw exceptions. Special handling is required.
[39m[39m
[33mWARN: [33m[33mArkTS:WARN File: <LOCAL_PATH>
 Function may throw exceptions. Special handling is required.
[39m[39m
[33mWARN: [33m[33mArkTS:WARN File: <LOCAL_PATH>
 Function may throw exceptions. Special handling is required.
[39m[39m
[33mWARN: [33m[33mArkTS:WARN File: <LOCAL_PATH>
 Function may throw exceptions. Special handling is required.
[39m[39m
[33mWARN: [33m[33mArkTS:WARN File: <LOCAL_PATH>
 Function may throw exceptions. Special handling is required.
[39m[39m
[33mWARN: [33m[33mArkTS:WARN File: <LOCAL_PATH>
 Function may throw exceptions. Special handling is required.
[39m[39m
[33mWARN: [33m[33mArkTS:WARN File: <LOCAL_PATH>
 Function may throw exceptions. Special handling is required.
[39m[39m
[33mWARN: [33m[33mArkTS:WARN File: <LOCAL_PATH>
 Function may throw exceptions. Special handling is required.
[39m[39m
[33mWARN: [33m[33mArkTS:WARN File: <LOCAL_PATH>
 Function may throw exceptions. Special handling is required.
[39m[39m
[33mWARN: [33m[33mArkTS:WARN File: <LOCAL_PATH>
 Function may throw exceptions. Special handling is required.
[39m[39m
[33mWARN: [33m[33mArkTS:WARN File: <LOCAL_PATH>
 Function may throw exceptions. Special handling is required.
[39m[39m
[33mWARN: [33m[33mArkTS:WARN File: <LOCAL_PATH>
 Function may throw exceptions. Special handling is required.
[39m[39m
[33mWARN: [33m[33mArkTS:WARN File: <LOCAL_PATH>
 Function may throw exceptions. Special handling is required.
[39m[39m
[33mWARN: [33m[33mArkTS:WARN File: <LOCAL_PATH>
 Function may throw exceptions. Special handling is required.
[39m[39m
[33mWARN: [33m[33mArkTS:WARN File: <LOCAL_PATH>
 Function may throw exceptions. Special handling is required.
[39m[39m
[33mWARN: [33m[33mArkTS:WARN File: <LOCAL_PATH>
 Function may throw exceptions. Special handling is required.
[39m[39m
[33mWARN: [33m[33mArkTS:WARN File: <LOCAL_PATH>
 Function may throw exceptions. Special handling is required.
[39m[39m
[33mWARN: [33m[33mArkTS:WARN File: <LOCAL_PATH>
 Function may throw exceptions. Special handling is required.
[39m[39m
[33mWARN: [33m[33mArkTS:WARN File: <LOCAL_PATH>
 Function may throw exceptions. Special handling is required.
[39m[39m
[33mWARN: [33m[33mArkTS:WARN File: <LOCAL_PATH>
 Function may throw exceptions. Special handling is required.
[39m[39m
[33mWARN: [33m[33mArkTS:WARN File: <LOCAL_PATH>
 Function may throw exceptions. Special handling is required.
[39m[39m
[33mWARN: [33m[33mArkTS:WARN File: <LOCAL_PATH>
 Function may throw exceptions. Special handling is required.
[39m[39m
[33mWARN: [33m[33mArkTS:WARN File: <LOCAL_PATH>
 Function may throw exceptions. Special handling is required.
[39m[39m
[33mWARN: [33m[33mArkTS:WARN File: <LOCAL_PATH>
 Function may throw exceptions. Special handling is required.
[39m[39m
[33mWARN: [33m[33mArkTS:WARN File: <LOCAL_PATH>
 Function may throw exceptions. Special handling is required.
[39m[39m
[33mWARN: [33m[33mArkTS:WARN File: <LOCAL_PATH>
 Function may throw exceptions. Special handling is required.
[39m[39m
[33mWARN: [33m[33mArkTS:WARN File: <LOCAL_PATH>
 Function may throw exceptions. Special handling is required.
[39m[39m
[33mWARN: [33m[33mArkTS:WARN File: <LOCAL_PATH>
 Function may throw exceptions. Special handling is required.
[39m[39m
[33mWARN: [33m[33mArkTS:WARN File: <LOCAL_PATH>
 Function may throw exceptions. Special handling is required.
[39m[39m
[33mWARN: [33m[33mArkTS:WARN File: <LOCAL_PATH>
 Function may throw exceptions. Special handling is required.
[39m[39m
[33mWARN: [33m[33mArkTS:WARN File: <LOCAL_PATH>
 Function may throw exceptions. Special handling is required.
[39m[39m
[33mWARN: [33m[33mArkTS:WARN File: <LOCAL_PATH>
 Function may throw exceptions. Special handling is required.
[39m[39m
[33mWARN: [33m[33mArkTS:WARN File: <LOCAL_PATH>
 Function may throw exceptions. Special handling is required.
[39m[39m
[33mWARN: [33m[33mArkTS:WARN File: <LOCAL_PATH>
 Function may throw exceptions. Special handling is required.
[39m[39m
[33mWARN: [33m[33mArkTS:WARN File: <LOCAL_PATH>
 Function may throw exceptions. Special handling is required.
[39m[39m
[33mWARN: [33m[33mArkTS:WARN File: <LOCAL_PATH>
 Function may throw exceptions. Special handling is required.
[39m[39m
[33mWARN: [33m[33mArkTS:WARN File: <LOCAL_PATH>
 Function may throw exceptions. Special handling is required.
[39m[39m
[33mWARN: [33m[33mArkTS:WARN File: <LOCAL_PATH>
 Function may throw exceptions. Special handling is required.
[39m[39m
[33mWARN: [33m[33mArkTS:WARN File: <LOCAL_PATH>
 Function may throw exceptions. Special handling is required.
[39m[39m
[33mWARN: [33m[33mArkTS:WARN File: <LOCAL_PATH>
 Function may throw exceptions. Special handling is required.
[39m[39m
[33mWARN: [33m[33mArkTS:WARN File: <LOCAL_PATH>
 Function may throw exceptions. Special handling is required.
[39m[39m
[33mWARN: [33m[33mArkTS:WARN File: <LOCAL_PATH>
 Function may throw exceptions. Special handling is required.
[39m[39m
[33mWARN: [33m[33mArkTS:WARN File: <LOCAL_PATH>
 Function may throw exceptions. Special handling is required.
[39m[39m
[33mWARN: [33m[33mArkTS:WARN File: <LOCAL_PATH>
 Function may throw exceptions. Special handling is required.
[39m[39m
[33mWARN: [33m[33mArkTS:WARN File: <LOCAL_PATH>
 Function may throw exceptions. Special handling is required.
[39m[39m
[33mWARN: [33m[33mArkTS:WARN File: <LOCAL_PATH>
 Function may throw exceptions. Special handling is required.
[39m[39m
[33mWARN: [33m[33mArkTS:WARN File: <LOCAL_PATH>
 Function may throw exceptions. Special handling is required.
[39m[39m
[33mWARN: [33m[33mArkTS:WARN File: <LOCAL_PATH>
 Function may throw exceptions. Special handling is required.
[39m[39m
[33mWARN: [33m[33mArkTS:WARN File: <LOCAL_PATH>
 Function may throw exceptions. Special handling is required.
[39m[39m
[33mWARN: [33m[33mArkTS:WARN File: <LOCAL_PATH>
 Function may throw exceptions. Special handling is required.
[39m[39m
[33mWARN: [33m[33mArkTS:WARN File: <LOCAL_PATH>
 Function may throw exceptions. Special handling is required.
[39m[39m
[33mWARN: [33m[33mArkTS:WARN File: <LOCAL_PATH>
 Function may throw exceptions. Special handling is required.
[39m[39m
[33mWARN: [33m[33mArkTS:WARN File: <LOCAL_PATH>
 Function may throw exceptions. Special handling is required.
[39m[39m
[33mWARN: [33m[33mArkTS:WARN File: <LOCAL_PATH>
 Function may throw exceptions. Special handling is required.
[39m[39m
[33mWARN: [33m[33mArkTS:WARN File: <LOCAL_PATH>
 Function may throw exceptions. Special handling is required.
[39m[39m
[33mWARN: [33m[33mArkTS:WARN File: <LOCAL_PATH>
 Function may throw exceptions. Special handling is required.
[39m[39m
[33mWARN: [33m[33mArkTS:WARN File: <LOCAL_PATH>
 Function may throw exceptions. Special handling is required.
[39m[39m
[33mWARN: [33m[33mArkTS:WARN File: <LOCAL_PATH>
 Function may throw exceptions. Special handling is required.
[39m[39m
[33mWARN: [33m[33mArkTS:WARN File: <LOCAL_PATH>
 Function may throw exceptions. Special handling is required.
[39m[39m
[33mWARN: [33m[33mArkTS:WARN File: <LOCAL_PATH>
 Function may throw exceptions. Special handling is required.
[39m[39m
[33mWARN: [33m[33mArkTS:WARN File: <LOCAL_PATH>
 Function may throw exceptions. Special handling is required.
[39m[39m
[33mWARN: [33m[33mArkTS:WARN File: <LOCAL_PATH>
 Function may throw exceptions. Special handling is required.
[39m[39m
[33mWARN: [33m[33mArkTS:WARN File: <LOCAL_PATH>
 Function may throw exceptions. Special handling is required.
[39m[39m
[33mWARN: [33m[33mArkTS:WARN File: <LOCAL_PATH>
 Function may throw exceptions. Special handling is required.
[39m[39m
[33mWARN: [33m[33mArkTS:WARN File: <LOCAL_PATH>
 Function may throw exceptions. Special handling is required.
[39m[39m
[33mWARN: [33m[33mArkTS:WARN File: <LOCAL_PATH>
 Function may throw exceptions. Special handling is required.
[39m[39m
[33mWARN: [33m[33mArkTS:WARN File: <LOCAL_PATH>
 Function may throw exceptions. Special handling is required.
[39m[39m
[33mWARN: [33m[33mArkTS:WARN File: <LOCAL_PATH>
 Function may throw exceptions. Special handling is required.
[39m[39m
[33mWARN: [33m[33mArkTS:WARN File: <LOCAL_PATH>
 Function may throw exceptions. Special handling is required.
[39m[39m
[33mWARN: [33m[33mArkTS:WARN File: <LOCAL_PATH>
 Function may throw exceptions. Special handling is required.
[39m[39m
[33mWARN: [33m[33mArkTS:WARN File: <LOCAL_PATH>
 Function may throw exceptions. Special handling is required.
[39m[39m
[33mWARN: [33m[33mArkTS:WARN File: <LOCAL_PATH>
 Function may throw exceptions. Special handling is required.
[39m[39m
[33mWARN: [33m[33mArkTS:WARN File: <LOCAL_PATH>
 Function may throw exceptions. Special handling is required.
[39m[39m
[33mWARN: [33m[33mArkTS:WARN File: <LOCAL_PATH>
 Function may throw exceptions. Special handling is required.
[39m[39m
[33mWARN: [33m[33mArkTS:WARN File: <LOCAL_PATH>
 Function may throw exceptions. Special handling is required.
[39m[39m
[33mWARN: [33m[33mArkTS:WARN File: <LOCAL_PATH>
 Function may throw exceptions. Special handling is required.
[39m[39m
[33mWARN: [33m[33mArkTS:WARN File: <LOCAL_PATH>
 Function may throw exceptions. Special handling is required.
[39m[39m
[33mWARN: [33m[33mArkTS:WARN File: <LOCAL_PATH>
 Function may throw exceptions. Special handling is required.
[39m[39m
[33mWARN: [33m[33mArkTS:WARN File: <LOCAL_PATH>
 Function may throw exceptions. Special handling is required.
[39m[39m
[33mWARN: [33m[33mArkTS:WARN File: <LOCAL_PATH>
 Function may throw exceptions. Special handling is required.
[39m[39m
[33mWARN: [33m[33mArkTS:WARN File: <LOCAL_PATH>
 Function may throw exceptions. Special handling is required.
[39m[39m
[33mWARN: [33m[33mArkTS:WARN File: <LOCAL_PATH>
 To use this API, you need to apply for the permissions: ohos.permission.sec.ACCESS_UDID
[39m[39m
[33mWARN: [33m[33mArkTS:WARN File: <LOCAL_PATH>
 Function may throw exceptions. Special handling is required.
[39m[39m
[33mWARN: [33m[33mArkTS:WARN File: <LOCAL_PATH>
 Function may throw exceptions. Special handling is required.
[39m[39m
[33mWARN: [33m[33mArkTS:WARN File: <LOCAL_PATH>
 Function may throw exceptions. Special handling is required.
[39m[39m
[33mWARN: [33m[33mArkTS:WARN File: <LOCAL_PATH>
 Function may throw exceptions. Special handling is required.
[39m[39m
[33mWARN: [33m[33mArkTS:WARN File: <LOCAL_PATH>
 Function may throw exceptions. Special handling is required.
[39m[39m
[33mWARN: [33m[33mArkTS:WARN File: <LOCAL_PATH>
 Function may throw exceptions. Special handling is required.
[39m[39m
[33mWARN: [33m[33mArkTS:WARN File: <LOCAL_PATH>
 Function may throw exceptions. Special handling is required.
[39m[39m
[33mWARN: [33m[33mArkTS:WARN File: <LOCAL_PATH>
 Function may throw exceptions. Special handling is required.
[39m[39m
[33mWARN: [33m[33mArkTS:WARN File: <LOCAL_PATH>
 Function may throw exceptions. Special handling is required.
[39m[39m
[33mWARN: [33m[33mArkTS:WARN File: <LOCAL_PATH>
 Function may throw exceptions. Special handling is required.
[39m[39m
[33mWARN: [33m[33mArkTS:WARN File: <LOCAL_PATH>
 Function may throw exceptions. Special handling is required.
[39m[39m
[33mWARN: [33m[33mArkTS:WARN File: <LOCAL_PATH>
 Function may throw exceptions. Special handling is required.
[39m[39m
[33mWARN: [33m[33mArkTS:WARN File: <LOCAL_PATH>
 Function may throw exceptions. Special handling is required.
[39m[39m
[33mWARN: [33m[33mArkTS:WARN File: <LOCAL_PATH>
 Function may throw exceptions. Special handling is required.
[39m[39m
[33mWARN: [33m[33mArkTS:WARN File: <LOCAL_PATH>
 Function may throw exceptions. Special handling is required.
[39m[39m
[33mWARN: [33m[33mArkTS:WARN File: <LOCAL_PATH>
 Function may throw exceptions. Special handling is required.
[39m[39m
[33mWARN: [33m[33mArkTS:WARN File: <LOCAL_PATH>
 Function may throw exceptions. Special handling is required.
[39m[39m
[33mWARN: [33m[33mArkTS:WARN File: <LOCAL_PATH>
 Function may throw exceptions. Special handling is required.
[39m[39m
[33mWARN: [33m[33mArkTS:WARN File: <LOCAL_PATH>
 Function may throw exceptions. Special handling is required.
[39m[39m
[33mWARN: [33m[33mArkTS:WARN File: <LOCAL_PATH>
 Function may throw exceptions. Special handling is required.
[39m[39m
[33mWARN: [33m[33mArkTS:WARN File: <LOCAL_PATH>
 Function may throw exceptions. Special handling is required.
[39m[39m
[33mWARN: [33m[33mArkTS:WARN File: <LOCAL_PATH>
 Function may throw exceptions. Special handling is required.
[39m[39m
[33mWARN: [33m[33mArkTS:WARN File: <LOCAL_PATH>
 Function may throw exceptions. Special handling is required.
[39m[39m
[33mWARN: [33m[33mArkTS:WARN File: <LOCAL_PATH>
 Function may throw exceptions. Special handling is required.
[39m[39m
[33mWARN: [33m[33mArkTS:WARN File: <LOCAL_PATH>
 Function may throw exceptions. Special handling is required.
[39m[39m
[33mWARN: [33m[33mArkTS:WARN File: <LOCAL_PATH>
 Function may throw exceptions. Special handling is required.
[39m[39m
[33mWARN: [33m[33mArkTS:WARN File: <LOCAL_PATH>
 Function may throw exceptions. Special handling is required.
[39m[39m
[33mWARN: [33m[33mArkTS:WARN File: <LOCAL_PATH>
 Function may throw exceptions. Special handling is required.
[39m[39m
[33mWARN: [33m[33mArkTS:WARN File: <LOCAL_PATH>
 Function may throw exceptions. Special handling is required.
[39m[39m
[33mWARN: [33m[33mArkTS:WARN File: <LOCAL_PATH>
 Function may throw exceptions. Special handling is required.
[39m[39m
[33mWARN: [33m[33mArkTS:WARN File: <LOCAL_PATH>
 Function may throw exceptions. Special handling is required.
[39m[39m
[33mWARN: [33m[33mArkTS:WARN File: <LOCAL_PATH>
 Function may throw exceptions. Special handling is required.
[39m[39m
[33mWARN: [33m[33mArkTS:WARN File: <LOCAL_PATH>
 Function may throw exceptions. Special handling is required.
[39m[39m
[33mWARN: [33m[33mArkTS:WARN File: <LOCAL_PATH>
 Function may throw exceptions. Special handling is required.
[39m[39m
[33mWARN: [33m[33mArkTS:WARN File: <LOCAL_PATH>
 Function may throw exceptions. Special handling is required.
[39m[39m
[33mWARN: [33m[33mArkTS:WARN File: <LOCAL_PATH>
 Function may throw exceptions. Special handling is required.
[39m[39m
[33mWARN: [33m[33mArkTS:WARN File: <LOCAL_PATH>
 Function may throw exceptions. Special handling is required.
[39m[39m
[33mWARN: [33m[33mArkTS:WARN File: <LOCAL_PATH>
 Function may throw exceptions. Special handling is required.
[39m[39m
[33mWARN: [33m[33mArkTS:WARN File: <LOCAL_PATH>
 Function may throw exceptions. Special handling is required.
[39m[39m
[33mWARN: [33m[33mArkTS:WARN File: <LOCAL_PATH>
 Function may throw exceptions. Special handling is required.
[39m[39m
[33mWARN: [33m[33mArkTS:WARN File: <LOCAL_PATH>
 Function may throw exceptions. Special handling is required.
[39m[39m
[33mWARN: [33m[33mArkTS:WARN File: <LOCAL_PATH>
 Function may throw exceptions. Special handling is required.
[39m[39m
[33mWARN: [33m[33mArkTS:WARN File: <LOCAL_PATH>
 Function may throw exceptions. Special handling is required.
[39m[39m
[33mWARN: [33m[33mArkTS:WARN File: <LOCAL_PATH>
 Function may throw exceptions. Special handling is required.
[39m[39m
[33mWARN: [33m[33mArkTS:WARN File: <LOCAL_PATH>
 Function may throw exceptions. Special handling is required.
[39m[39m
[33mWARN: [33m[33mArkTS:WARN File: <LOCAL_PATH>
 Function may throw exceptions. Special handling is required.
[39m[39m
[33mWARN: [33m[33mArkTS:WARN File: <LOCAL_PATH>
 Function may throw exceptions. Special handling is required.
[39m[39m
[33mWARN: [33m[33mArkTS:WARN File: <LOCAL_PATH>
 Function may throw exceptions. Special handling is required.
[39m[39m
[33mWARN: [33m[33mArkTS:WARN File: <LOCAL_PATH>
 Function may throw exceptions. Special handling is required.
[39m[39m
[33mWARN: [33m[33mArkTS:WARN File: <LOCAL_PATH>
 Function may throw exceptions. Special handling is required.
[39m[39m
[33mWARN: [33m[33mArkTS:WARN File: <LOCAL_PATH>
 Function may throw exceptions. Special handling is required.
[39m[39m
[33mWARN: [33m[33mArkTS:WARN File: <LOCAL_PATH>
 Function may throw exceptions. Special handling is required.
[39m[39m
[33mWARN: [33m[33mArkTS:WARN File: <LOCAL_PATH>
 Function may throw exceptions. Special handling is required.
[39m[39m
[33mWARN: [33m[33mArkTS:WARN File: <LOCAL_PATH>
 Function may throw exceptions. Special handling is required.
[39m[39m
[33mWARN: [33m[33mArkTS:WARN File: <LOCAL_PATH>
 Function may throw exceptions. Special handling is required.
[39m[39m
[33mWARN: [33m[33mArkTS:WARN File: <LOCAL_PATH>
 Function may throw exceptions. Special handling is required.
[39m[39m
[33mWARN: [33m[33mArkTS:WARN File: <LOCAL_PATH>
 Function may throw exceptions. Special handling is required.
[39m[39m
[33mWARN: [33m[33mArkTS:WARN File: <LOCAL_PATH>
 Function may throw exceptions. Special handling is required.
[39m[39m
[33mWARN: [33m[33mArkTS:WARN File: <LOCAL_PATH>
 Function may throw exceptions. Special handling is required.
[39m[39m
[33mWARN: [33m[33mArkTS:WARN File: <LOCAL_PATH>
 Function may throw exceptions. Special handling is required.
[39m[39m
[33mWARN: [33m[33mArkTS:WARN File: <LOCAL_PATH>
 Function may throw exceptions. Special handling is required.
[39m[39m
[33mWARN: [33m[33mArkTS:WARN File: <LOCAL_PATH>
 Function may throw exceptions. Special handling is required.
[39m[39m
[33mWARN: [33m[33mArkTS:WARN File: <LOCAL_PATH>
 Function may throw exceptions. Special handling is required.
[39m[39m
[33mWARN: [33m[33mArkTS:WARN File: <LOCAL_PATH>
 Function may throw exceptions. Special handling is required.
[39m[39m
[33mWARN: [33m[33mArkTS:WARN File: <LOCAL_PATH>
 Function may throw exceptions. Special handling is required.
[39m[39m
[33mWARN: [33m[33mArkTS:WARN File: <LOCAL_PATH>
 Function may throw exceptions. Special handling is required.
[39m[39m
[33mWARN: [33m[33mArkTS:WARN File: <LOCAL_PATH>
 Function may throw exceptions. Special handling is required.
[39m[39m
[33mWARN: [33m[33mArkTS:WARN File: <LOCAL_PATH>
 'getRawFileDescriptor' has been deprecated.
[39m[39m
[33mWARN: [33m[33mArkTS:WARN File: <LOCAL_PATH>
 'closeRawFileDescriptor' has been deprecated.
[39m[39m
[33mWARN: [33m[33mArkTS:WARN File: <LOCAL_PATH>
 Function may throw exceptions. Special handling is required.
[39m[39m
[33mWARN: [33m[33mArkTS:WARN File: <LOCAL_PATH>
 Function may throw exceptions. Special handling is required.
[39m[39m
[33mWARN: [33m[33mArkTS:WARN File: <LOCAL_PATH>
 Function may throw exceptions. Special handling is required.
[39m[39m
[33mWARN: [33m[33mArkTS:WARN File: <LOCAL_PATH>
 Function may throw exceptions. Special handling is required.
[39m[39m
[33mWARN: [33m[33mArkTS:WARN File: <LOCAL_PATH>
 Function may throw exceptions. Special handling is required.
[39m[39m
[33mWARN: [33m[33mArkTS:WARN File: <LOCAL_PATH>
 Function may throw exceptions. Special handling is required.
[39m[39m
[33mWARN: [33m[33mArkTS:WARN File: <LOCAL_PATH>
 Function may throw exceptions. Special handling is required.
[39m[39m
[33mWARN: [33m[33mArkTS:WARN File: <LOCAL_PATH>
 Function may throw exceptions. Special handling is required.
[39m[39m
[33mWARN: [33m[33mArkTS:WARN File: <LOCAL_PATH>
 Function may throw exceptions. Special handling is required.
[39m[39m
[33mWARN: [33m[33mArkTS:WARN File: <LOCAL_PATH>
 Function may throw exceptions. Special handling is required.
[39m[39m
[33mWARN: [33m[33mArkTS:WARN File: <LOCAL_PATH>
 Function may throw exceptions. Special handling is required.
[39m[39m
[33mWARN: [33m[33mArkTS:WARN File: <LOCAL_PATH>
 Function may throw exceptions. Special handling is required.
[39m[39m
[33mWARN: [33m[33mArkTS:WARN File: <LOCAL_PATH>
 Function may throw exceptions. Special handling is required.
[39m[39m
[33mWARN: [33m[33mArkTS:WARN File: <LOCAL_PATH>
 Function may throw exceptions. Special handling is required.
[39m[39m
[33mWARN: [33m[33mArkTS:WARN File: <LOCAL_PATH>
 Function may throw exceptions. Special handling is required.
[39m[39m
[33mWARN: [33m[33mArkTS:WARN File: <LOCAL_PATH>
 Function may throw exceptions. Special handling is required.
[39m[39m
[33mWARN: [33m[33mArkTS:WARN File: <LOCAL_PATH>
 Function may throw exceptions. Special handling is required.
[39m[39m
[33mWARN: [33m[33mArkTS:WARN File: <LOCAL_PATH>
 Function may throw exceptions. Special handling is required.
[39m[39m
[33mWARN: [33m[33mArkTS:WARN File: <LOCAL_PATH>
 Function may throw exceptions. Special handling is required.
[39m[39m
[33mWARN: [33m[33mArkTS:WARN File: <LOCAL_PATH>
 Function may throw exceptions. Special handling is required.
[39m[39m
[33mWARN: [33m[33mArkTS:WARN File: <LOCAL_PATH>
 Function may throw exceptions. Special handling is required.
[39m[39m
[33mWARN: [33m[33mArkTS:WARN File: <LOCAL_PATH>
 Function may throw exceptions. Special handling is required.
[39m[39m
[33mWARN: [33m[33mArkTS:WARN File: <LOCAL_PATH>
 Function may throw exceptions. Special handling is required.
[39m[39m
[33mWARN: [33m[33mArkTS:WARN File: <LOCAL_PATH>
 Function may throw exceptions. Special handling is required.
[39m[39m
[33mWARN: [33m[33mArkTS:WARN File: <LOCAL_PATH>
 Function may throw exceptions. Special handling is required.
[39m[39m
[33mWARN: [33m[33mArkTS:WARN File: <LOCAL_PATH>
 The system capacity of this api 'backgroundTaskManager' is not supported on all devices
[39m[39m
[33mWARN: [33m[33mArkTS:WARN File: <LOCAL_PATH>
 Function may throw exceptions. Special handling is required.
[39m[39m
[33mWARN: [33m[33mArkTS:WARN File: <LOCAL_PATH>
 Function may throw exceptions. Special handling is required.
[39m[39m
[33mWARN: [33m[33mArkTS:WARN File: <LOCAL_PATH>
 The system capacity of this api 'backgroundTaskManager' is not supported on all devices
[39m[39m
[33mWARN: [33m[33mArkTS:WARN File: <LOCAL_PATH>
 Function may throw exceptions. Special handling is required.
[39m[39m
[33mWARN: [33m[33mArkTS:WARN File: <LOCAL_PATH>
 The system capacity of this api 'backgroundTaskManager' is not supported on all devices
[39m[39m
[33mWARN: [33m[33mArkTS:WARN File: <LOCAL_PATH>
 Function may throw exceptions. Special handling is required.
[39m[39m
[33mWARN: [33m[33mArkTS:WARN File: <LOCAL_PATH>
 Function may throw exceptions. Special handling is required.
[39m[39m
[33mWARN: [33m[33mArkTS:WARN File: <LOCAL_PATH>
 Function may throw exceptions. Special handling is required.
[39m[39m
[33mWARN: [33m[33mArkTS:WARN File: <LOCAL_PATH>
 Function may throw exceptions. Special handling is required.
[39m[39m
[33mWARN: [33m[33mArkTS:WARN File: <LOCAL_PATH>
 Function may throw exceptions. Special handling is required.
[39m[39m
[33mWARN: [33m[33mArkTS:WARN File: <LOCAL_PATH>
 Function may throw exceptions. Special handling is required.
[39m[39m
[33mWARN: [33m[33mArkTS:WARN File: <LOCAL_PATH>
 Function may throw exceptions. Special handling is required.
[39m[39m
[33mWARN: [33m[33mArkTS:WARN File: <LOCAL_PATH>
 Function may throw exceptions. Special handling is required.
[39m[39m
[33mWARN: [33m[33mArkTS:WARN File: <LOCAL_PATH>
 'write' has been deprecated.
[39m[39m
[33mWARN: [33m[33mArkTS:WARN File: <LOCAL_PATH>
 Function may throw exceptions. Special handling is required.
[39m[39m
[33mWARN: [33m[33mArkTS:WARN File: <LOCAL_PATH>
 Function may throw exceptions. Special handling is required.
[39m[39m
[33mWARN: [33m[33mArkTS:WARN File: <LOCAL_PATH>
 Function may throw exceptions. Special handling is required.
[39m[39m
[33mWARN: [33m[33mArkTS:WARN File: <LOCAL_PATH>
 Function may throw exceptions. Special handling is required.
[39m[39m
[33mWARN: [33m[33mArkTS:WARN File: <LOCAL_PATH>
 Function may throw exceptions. Special handling is required.
[39m[39m
[33mWARN: [33m[33mArkTS:WARN File: <LOCAL_PATH>
 Function may throw exceptions. Special handling is required.
[39m[39m
[33mWARN: [33m[33mArkTS:WARN File: <LOCAL_PATH>
 Function may throw exceptions. Special handling is required.
[39m[39m
[33mWARN: [33m[33mArkTS:WARN File: <LOCAL_PATH>
 Function may throw exceptions. Special handling is required.
[39m[39m
[33mWARN: [33m[33mArkTS:WARN File: <LOCAL_PATH>
 Function may throw exceptions. Special handling is required.
[39m[39m
[33mWARN: [33m[33mArkTS:WARN File: <LOCAL_PATH>
 Function may throw exceptions. Special handling is required.
[39m[39m
[33mWARN: [33m[33mArkTS:WARN File: <LOCAL_PATH>
 'getContext' has been deprecated.
[39m[39m
[33mWARN: [33m[33mArkTS:WARN File: <LOCAL_PATH>
 'getContext' has been deprecated.
[39m[39m
[33mWARN: [33m[33mArkTS:WARN File: <LOCAL_PATH>
 Function may throw exceptions. Special handling is required.
[39m[39m
[33mWARN: [33m[33mArkTS:WARN File: <LOCAL_PATH>
 Function may throw exceptions. Special handling is required.
[39m[39m
[33mWARN: [33m[33mArkTS:WARN File: <LOCAL_PATH>
 Function may throw exceptions. Special handling is required.
[39m[39m
[33mWARN: [33m[33mArkTS:WARN File: <LOCAL_PATH>
 Function may throw exceptions. Special handling is required.
[39m[39m
[33mWARN: [33m[33mArkTS:WARN File: <LOCAL_PATH>
 Function may throw exceptions. Special handling is required.
[39m[39m
[33mWARN: [33m[33mArkTS:WARN File: <LOCAL_PATH>
 Function may throw exceptions. Special handling is required.
[39m[39m
[33mWARN: [33m[33mArkTS:WARN File: <LOCAL_PATH>
 'getContext' has been deprecated.
[39m[39m
[33mWARN: [33m[33mArkTS:WARN File: <LOCAL_PATH>
 'getContext' has been deprecated.
[39m[39m
[33mWARN: [33m[33mArkTS:WARN File: <LOCAL_PATH>
 'getContext' has been deprecated.
[39m[39m
[33mWARN: [33m[33mArkTS:WARN File: <LOCAL_PATH>
 'getContext' has been deprecated.
[39m[39m
[33mWARN: [33m[33mArkTS:WARN File: <LOCAL_PATH>
 Function may throw exceptions. Special handling is required.
[39m[39m
[33mWARN: [33m[33mArkTS:WARN File: <LOCAL_PATH>
 Function may throw exceptions. Special handling is required.
[39m[39m
[33mWARN: [33m[33mArkTS:WARN File: <LOCAL_PATH>
 Function may throw exceptions. Special handling is required.
[39m[39m
[33mWARN: [33m[33mArkTS:WARN File: <LOCAL_PATH>
 'getContext' has been deprecated.
[39m[39m
[33mWARN: [33m[33mArkTS:WARN File: <LOCAL_PATH>
 'getContext' has been deprecated.
[39m[39m
[33mWARN: [33m[33mArkTS:WARN File: <LOCAL_PATH>
 'getContext' has been deprecated.
[39m[39m
[33mWARN: [33m[33mArkTS:WARN File: <LOCAL_PATH>
 'pushUrl' has been deprecated.
[39m[39m
[33mWARN: [33m[33mArkTS:WARN File: <LOCAL_PATH>
 'pushUrl' has been deprecated.
[39m[39m
[33mWARN: [33m[33mArkTS:WARN File: <LOCAL_PATH>
 'getContext' has been deprecated.
[39m[39m
[33mWARN: [33m[33mArkTS:WARN File: <LOCAL_PATH>
 Function may throw exceptions. Special handling is required.
[39m[39m
[33mWARN: [33m[33mArkTS:WARN File: <LOCAL_PATH>
 'showToast' has been deprecated.
[39m[39m
[33mWARN: [33m[33mArkTS:WARN File: <LOCAL_PATH>
 'getContext' has been deprecated.
[39m[39m
[33mWARN: [33m[33mArkTS:WARN File: <LOCAL_PATH>
 'getContext' has been deprecated.
[39m[39m
[33mWARN: [33m[33mArkTS:WARN File: <LOCAL_PATH>
 Function may throw exceptions. Special handling is required.
[39m[39m
[33mWARN: [33m[33mArkTS:WARN File: <LOCAL_PATH>
 'showToast' has been deprecated.
[39m[39m
[33mWARN: [33m[33mArkTS:WARN File: <LOCAL_PATH>
 'back' has been deprecated.
[39m[39m
[33mWARN: [33m[33mArkTS:WARN File: <LOCAL_PATH>
 Function may throw exceptions. Special handling is required.
[39m[39m
[33mWARN: [33m[33mArkTS:WARN File: <LOCAL_PATH>
 Function may throw exceptions. Special handling is required.
[39m[39m
[33mWARN: [33m[33mArkTS:WARN File: <LOCAL_PATH>
 Function may throw exceptions. Special handling is required.
[39m[39m
[33mWARN: [33m[33mArkTS:WARN File: <LOCAL_PATH>
 Function may throw exceptions. Special handling is required.
[39m[39m
[33mWARN: [33m[33mArkTS:WARN File: <LOCAL_PATH>
 'getContext' has been deprecated.
[39m[39m
[33mWARN: [33m[33mArkTS:WARN File: <LOCAL_PATH>
 'getContext' has been deprecated.
[39m[39m
[33mWARN: [33m[33mArkTS:WARN File: <LOCAL_PATH>
 'show' has been deprecated.
[39m[39m
[33mWARN: [33m[33mArkTS:WARN File: <LOCAL_PATH>
 'getContext' has been deprecated.
[39m[39m
[33mWARN: [33m[33mArkTS:WARN File: <LOCAL_PATH>
 'back' has been deprecated.
[39m[39m
[33mWARN: [33m[33mArkTS:WARN File: <LOCAL_PATH>
 'show' has been deprecated.
[39m[39m
[33mWARN: [33m[33mArkTS:WARN File: <LOCAL_PATH>
 'getContext' has been deprecated.
[39m[39m
[33mWARN: [33m[33mArkTS:WARN File: <LOCAL_PATH>
 'getContext' has been deprecated.
[39m[39m
[33mWARN: [33m[33mArkTS:WARN File: <LOCAL_PATH>
 Function may throw exceptions. Special handling is required.
[39m[39m
[33mWARN: [33m[33mArkTS:WARN File: <LOCAL_PATH>
 'showToast' has been deprecated.
[39m[39m
[33mWARN: [33m[33mArkTS:WARN File: <LOCAL_PATH>
 'back' has been deprecated.
[39m[39m
[33mWARN: [33m[33mArkTS:WARN File: <LOCAL_PATH>
 Function may throw exceptions. Special handling is required.
[39m[39m
[33mWARN: [33m[33mArkTS:WARN File: <LOCAL_PATH>
 Function may throw exceptions. Special handling is required.
[39m[39m
[33mWARN: [33m[33mArkTS:WARN File: <LOCAL_PATH>
 Function may throw exceptions. Special handling is required.
[39m[39m
[39m
> hvigor [32mFinished :amphion_asr_demo:default@CompileArkTS... after 4 s 865 ms [39m
> hvigor [32mFinished :amphion_asr_demo:default@GeneratePkgModuleJson... after 1 ms [39m
> hvigor [32mFinished :amphion_asr_demo:default@ProcessCompiledResources... after 1 ms [39m
> hvigor [32mFinished :amphion_asr_demo:default@PackageHap... after 635 ms [39m
> hvigor [32mFinished :amphion_asr_demo:default@PackingCheck... after 3 ms [39m
> hvigor [32mFinished :amphion_asr_demo:default@SignHap... after 1 s 211 ms [39m
> hvigor [32mFinished :amphion_asr_demo:default@CollectDebugSymbol... after 1 ms [39m
> hvigor [32mFinished :amphion_asr_demo:assembleHap... after 1 ms [39m
> hvigor [32mBUILD SUCCESSFUL in 9 s 43 ms [39m
