To honour the JVM settings for this build a single-use Daemon process will be forked. For more on this, please refer to https://docs.gradle.org/8.6/userguide/gradle_daemon.html#sec:disabling_the_daemon in the Gradle documentation.
Daemon will be stopped at the end of the build
> Task :aarHost:checkKotlinGradlePluginConfigurationErrors
> Task :cleanBundledTtsResources UP-TO-DATE
> Task :sdk:checkKotlinGradlePluginConfigurationErrors
> Task :sdk:generateDebugUnitTestAssets UP-TO-DATE
> Task :aarHost:stageAndroidTestAssets UP-TO-DATE
> Task :stageExternalTtsResources UP-TO-DATE
> Task :sdk:stageAndroidTestAssets UP-TO-DATE
> Task :sdk:preBuild UP-TO-DATE
> Task :sdk:preDebugBuild UP-TO-DATE
> Task :sdk:generateDebugBuildConfig UP-TO-DATE
> Task :sdk:generateDebugResValues UP-TO-DATE
> Task :sdk:generateDebugResources UP-TO-DATE
> Task :sdk:packageDebugResources UP-TO-DATE
> Task :sdk:parseDebugLocalResources UP-TO-DATE
> Task :sdk:generateDebugRFile UP-TO-DATE
> Task :sdk:compileDebugKotlin UP-TO-DATE
> Task :sdk:javaPreCompileDebug UP-TO-DATE
> Task :sdk:compileDebugJavaWithJavac UP-TO-DATE
> Task :sdk:bundleLibRuntimeToJarDebug UP-TO-DATE
> Task :sdk:bundleLibCompileToJarDebug UP-TO-DATE
> Task :sdk:preDebugUnitTestBuild UP-TO-DATE
> Task :sdk:writeDebugAarMetadata UP-TO-DATE
> Task :sdk:checkDebugUnitTestAarMetadata UP-TO-DATE
> Task :sdk:compileDebugLibraryResources UP-TO-DATE
> Task :sdk:generateDebugUnitTestResValues UP-TO-DATE
> Task :sdk:mapDebugUnitTestSourceSetPaths UP-TO-DATE
> Task :sdk:generateDebugUnitTestResources UP-TO-DATE
> Task :sdk:mergeDebugUnitTestResources UP-TO-DATE
> Task :sdk:extractDeepLinksDebug UP-TO-DATE
> Task :sdk:processDebugManifest UP-TO-DATE
> Task :sdk:processDebugUnitTestManifest UP-TO-DATE
> Task :sdk:processDebugUnitTestResources UP-TO-DATE
> Task :sdk:compileDebugUnitTestKotlin UP-TO-DATE
> Task :sdk:javaPreCompileDebugUnitTest UP-TO-DATE
> Task :sdk:compileDebugUnitTestJavaWithJavac NO-SOURCE
> Task :sdk:mergeDebugShaders UP-TO-DATE
> Task :sdk:compileDebugShaders NO-SOURCE
> Task :sdk:generateDebugAssets UP-TO-DATE
> Task :sdk:mergeDebugAssets UP-TO-DATE
> Task :sdk:packageDebugAssets UP-TO-DATE
> Task :sdk:mergeDebugUnitTestAssets UP-TO-DATE
> Task :sdk:packageDebugUnitTestForUnitTest UP-TO-DATE
> Task :sdk:generateDebugUnitTestConfig UP-TO-DATE
> Task :sdk:processDebugJavaRes UP-TO-DATE
> Task :sdk:processDebugUnitTestJavaRes UP-TO-DATE
> Task :sdk:testDebugUnitTest
> Task :sdk:preDebugAndroidTestBuild UP-TO-DATE
> Task :sdk:processDebugAndroidTestManifest UP-TO-DATE
> Task :sdk:generateDebugAndroidTestBuildConfig UP-TO-DATE
> Task :sdk:checkDebugAndroidTestAarMetadata UP-TO-DATE
> Task :sdk:generateDebugAndroidTestResValues UP-TO-DATE
> Task :sdk:mapDebugAndroidTestSourceSetPaths UP-TO-DATE
> Task :sdk:generateDebugAndroidTestResources UP-TO-DATE
> Task :sdk:mergeDebugAndroidTestResources UP-TO-DATE
> Task :sdk:processDebugAndroidTestResources UP-TO-DATE
> Task :sdk:javaPreCompileDebugAndroidTest UP-TO-DATE
> Task :sdk:mergeDebugAndroidTestShaders UP-TO-DATE
> Task :sdk:compileDebugAndroidTestShaders NO-SOURCE
> Task :sdk:generateDebugAndroidTestAssets UP-TO-DATE
> Task :sdk:mergeDebugAndroidTestAssets UP-TO-DATE
> Task :sdk:compressDebugAndroidTestAssets UP-TO-DATE
> Task :sdk:desugarDebugAndroidTestFileDependencies UP-TO-DATE
> Task :sdk:checkDebugAndroidTestDuplicateClasses UP-TO-DATE
> Task :sdk:mergeExtDexDebugAndroidTest UP-TO-DATE
> Task :sdk:bundleLibRuntimeToDirDebug
> Task :sdk:configureNdkBuildDebug[arm64-v8a]
> Task :sdk:buildNdkBuildDebug[arm64-v8a]
> Task :sdk:mergeDebugJniLibFolders UP-TO-DATE
> Task :sdk:mergeDebugNativeLibs UP-TO-DATE
> Task :sdk:copyDebugJniLibsProjectOnly UP-TO-DATE
> Task :sdk:mergeDebugAndroidTestJniLibFolders UP-TO-DATE
> Task :sdk:mergeDebugAndroidTestNativeLibs UP-TO-DATE
> Task :sdk:stripDebugAndroidTestDebugSymbols UP-TO-DATE
> Task :sdk:validateSigningDebugAndroidTest UP-TO-DATE
> Task :sdk:writeDebugAndroidTestSigningConfigVersions UP-TO-DATE
> Task :sdk:preReleaseBuild UP-TO-DATE
> Task :sdk:configureNdkBuildRelease[arm64-v8a]
> Task :sdk:buildNdkBuildRelease[arm64-v8a]
> Task :sdk:mergeReleaseJniLibFolders UP-TO-DATE
> Task :sdk:mergeReleaseNativeLibs UP-TO-DATE
> Task :sdk:stripReleaseDebugSymbols UP-TO-DATE
> Task :sdk:copyReleaseJniLibsProjectAndLocalJars UP-TO-DATE
> Task :sdk:generateReleaseResValues UP-TO-DATE
> Task :sdk:extractDeepLinksForAarRelease UP-TO-DATE
> Task :sdk:generateReleaseBuildConfig UP-TO-DATE
> Task :sdk:generateReleaseResources UP-TO-DATE
> Task :sdk:packageReleaseResources UP-TO-DATE
> Task :sdk:parseReleaseLocalResources UP-TO-DATE
> Task :sdk:generateReleaseRFile UP-TO-DATE
> Task :sdk:javaPreCompileRelease UP-TO-DATE
> Task :sdk:mergeReleaseShaders UP-TO-DATE
> Task :sdk:compileReleaseShaders NO-SOURCE
> Task :sdk:generateReleaseAssets UP-TO-DATE
> Task :sdk:packageReleaseAssets UP-TO-DATE
> Task :sdk:prepareLintJarForPublish UP-TO-DATE
> Task :sdk:prepareReleaseArtProfile UP-TO-DATE
> Task :sdk:processReleaseManifest UP-TO-DATE
> Task :sdk:writeReleaseAarMetadata UP-TO-DATE
> Task :sdk:mapReleaseSourceSetPaths UP-TO-DATE
> Task :sdk:mergeReleaseResources UP-TO-DATE
> Task :sdk:verifyReleaseResources UP-TO-DATE
> Task :sdk:mergeLibDexDebugAndroidTest
> Task :sdk:compileDebugAndroidTestKotlin
> Task :sdk:compileDebugAndroidTestJavaWithJavac UP-TO-DATE
> Task :sdk:dexBuilderDebugAndroidTest
> Task :sdk:mergeDebugAndroidTestGlobalSynthetics UP-TO-DATE
> Task :sdk:processDebugAndroidTestJavaRes UP-TO-DATE
> Task :sdk:mergeDebugAndroidTestJavaResource UP-TO-DATE
> Task :sdk:mergeProjectDexDebugAndroidTest
> Task :sdk:packageDebugAndroidTest
> Task :sdk:createDebugAndroidTestApkListingFileRedirect UP-TO-DATE
> Task :sdk:assembleDebugAndroidTest
> Task :sdk:compileReleaseKotlin
> Task :sdk:extractReleaseAnnotations
> Task :sdk:compileReleaseJavaWithJavac UP-TO-DATE
> Task :sdk:mergeReleaseGeneratedProguardFiles UP-TO-DATE
> Task :sdk:mergeReleaseConsumerProguardFiles UP-TO-DATE
> Task :sdk:processReleaseJavaRes UP-TO-DATE
> Task :sdk:mergeReleaseJavaResource UP-TO-DATE
> Task :sdk:syncReleaseLibJars
> Task :sdk:bundleReleaseAar
> Task :sdk:assembleRelease
> Task :aarHost:preBuild
> Task :aarHost:preDebugBuild
> Task :aarHost:mergeDebugNativeDebugMetadata NO-SOURCE
> Task :aarHost:checkDebugAarMetadata UP-TO-DATE
> Task :aarHost:generateDebugResValues UP-TO-DATE
> Task :aarHost:mapDebugSourceSetPaths UP-TO-DATE
> Task :aarHost:generateDebugResources UP-TO-DATE
> Task :aarHost:mergeDebugResources UP-TO-DATE
> Task :aarHost:packageDebugResources UP-TO-DATE
> Task :aarHost:parseDebugLocalResources UP-TO-DATE
> Task :aarHost:createDebugCompatibleScreenManifests UP-TO-DATE
> Task :aarHost:extractDeepLinksDebug UP-TO-DATE
> Task :aarHost:processDebugMainManifest UP-TO-DATE
> Task :aarHost:processDebugManifest UP-TO-DATE
> Task :aarHost:processDebugManifestForPackage UP-TO-DATE
> Task :aarHost:processDebugResources UP-TO-DATE
> Task :aarHost:compileDebugKotlin UP-TO-DATE
> Task :aarHost:javaPreCompileDebug UP-TO-DATE
> Task :aarHost:compileDebugJavaWithJavac NO-SOURCE
> Task :aarHost:mergeDebugShaders UP-TO-DATE
> Task :aarHost:compileDebugShaders NO-SOURCE
> Task :aarHost:generateDebugAssets UP-TO-DATE
> Task :aarHost:mergeDebugAssets UP-TO-DATE
> Task :aarHost:compressDebugAssets UP-TO-DATE
> Task :aarHost:dexBuilderDebug UP-TO-DATE
> Task :aarHost:processDebugJavaRes UP-TO-DATE
> Task :aarHost:checkDebugDuplicateClasses UP-TO-DATE
> Task :aarHost:mergeDebugStartupProfile UP-TO-DATE
> Task :aarHost:mergeLibDexDebug UP-TO-DATE
> Task :aarHost:mergeProjectDexDebug UP-TO-DATE
> Task :aarHost:mergeDebugJniLibFolders UP-TO-DATE
> Task :aarHost:mergeDebugNativeLibs UP-TO-DATE
> Task :aarHost:stripDebugDebugSymbols UP-TO-DATE
> Task :aarHost:validateSigningDebug UP-TO-DATE
> Task :aarHost:writeDebugAppMetadata UP-TO-DATE
> Task :aarHost:writeDebugSigningConfigVersions UP-TO-DATE
> Task :aarHost:bundleDebugClassesToCompileJar UP-TO-DATE
> Task :aarHost:preDebugAndroidTestBuild SKIPPED
> Task :aarHost:checkDebugAndroidTestAarMetadata UP-TO-DATE
> Task :aarHost:generateDebugAndroidTestResValues UP-TO-DATE
> Task :aarHost:mapDebugAndroidTestSourceSetPaths UP-TO-DATE
> Task :aarHost:generateDebugAndroidTestResources UP-TO-DATE
> Task :aarHost:mergeDebugAndroidTestResources UP-TO-DATE
> Task :aarHost:processDebugAndroidTestManifest UP-TO-DATE
> Task :aarHost:processDebugAndroidTestResources UP-TO-DATE
> Task :aarHost:mergeDebugJavaResource
> Task :aarHost:javaPreCompileDebugAndroidTest UP-TO-DATE
> Task :aarHost:mergeDebugAndroidTestShaders UP-TO-DATE
> Task :aarHost:compileDebugAndroidTestShaders NO-SOURCE
> Task :aarHost:generateDebugAndroidTestAssets UP-TO-DATE
> Task :aarHost:mergeDebugAndroidTestAssets UP-TO-DATE
> Task :aarHost:compressDebugAndroidTestAssets UP-TO-DATE
> Task :aarHost:desugarDebugAndroidTestFileDependencies UP-TO-DATE
> Task :aarHost:checkDebugAndroidTestDuplicateClasses UP-TO-DATE
> Task :aarHost:mergeExtDexDebugAndroidTest UP-TO-DATE
> Task :aarHost:mergeLibDexDebugAndroidTest UP-TO-DATE
> Task :aarHost:mergeDebugAndroidTestJniLibFolders UP-TO-DATE
> Task :aarHost:mergeDebugAndroidTestNativeLibs NO-SOURCE
> Task :aarHost:stripDebugAndroidTestDebugSymbols NO-SOURCE
> Task :aarHost:validateSigningDebugAndroidTest UP-TO-DATE
> Task :aarHost:writeDebugAndroidTestSigningConfigVersions UP-TO-DATE
> Task :aarHost:compileDebugAndroidTestKotlin
> Task :aarHost:compileDebugAndroidTestJavaWithJavac NO-SOURCE
> Task :aarHost:dexBuilderDebugAndroidTest
> Task :aarHost:mergeDebugAndroidTestGlobalSynthetics UP-TO-DATE
> Task :aarHost:processDebugAndroidTestJavaRes UP-TO-DATE
> Task :aarHost:mergeDebugAndroidTestJavaResource UP-TO-DATE
> Task :aarHost:mergeProjectDexDebugAndroidTest
> Task :aarHost:packageDebugAndroidTest
> Task :aarHost:createDebugAndroidTestApkListingFileRedirect UP-TO-DATE
> Task :aarHost:assembleDebugAndroidTest
> Task :aarHost:desugarDebugFileDependencies
> Task :aarHost:mergeDebugGlobalSynthetics UP-TO-DATE
> Task :aarHost:mergeExtDexDebug
> Task :aarHost:packageDebug
> Task :aarHost:createDebugApkListingFileRedirect UP-TO-DATE
> Task :aarHost:assembleDebug

BUILD SUCCESSFUL in 15s
170 actionable tasks: 25 executed, 145 up-to-date
